Archive member included to satisfy reference by file (symbol)

c:/st/stm32cubeide_1.4.0/stm32cubeide/plugins/com.st.stm32cube.ide.mcu.externaltools.gnu-tools-for-stm32.7-2018-q2-update.win32_1.4.0.202007081208/tools/bin/../lib/gcc/arm-none-eabi/7.3.1/../../../../arm-none-eabi/lib/thumb/v7e-m/fpv4-sp/hard\libc_nano.a(lib_a-errno.o)
                              Core/Src/syscalls.o (__errno)
c:/st/stm32cubeide_1.4.0/stm32cubeide/plugins/com.st.stm32cube.ide.mcu.externaltools.gnu-tools-for-stm32.7-2018-q2-update.win32_1.4.0.202007081208/tools/bin/../lib/gcc/arm-none-eabi/7.3.1/../../../../arm-none-eabi/lib/thumb/v7e-m/fpv4-sp/hard\libc_nano.a(lib_a-exit.o)
                              c:/st/stm32cubeide_1.4.0/stm32cubeide/plugins/com.st.stm32cube.ide.mcu.externaltools.gnu-tools-for-stm32.7-2018-q2-update.win32_1.4.0.202007081208/tools/bin/../lib/gcc/arm-none-eabi/7.3.1/../../../../arm-none-eabi/lib/thumb/v7e-m/fpv4-sp/hard/crt0.o (exit)
c:/st/stm32cubeide_1.4.0/stm32cubeide/plugins/com.st.stm32cube.ide.mcu.externaltools.gnu-tools-for-stm32.7-2018-q2-update.win32_1.4.0.202007081208/tools/bin/../lib/gcc/arm-none-eabi/7.3.1/../../../../arm-none-eabi/lib/thumb/v7e-m/fpv4-sp/hard\libc_nano.a(lib_a-impure.o)
                              c:/st/stm32cubeide_1.4.0/stm32cubeide/plugins/com.st.stm32cube.ide.mcu.externaltools.gnu-tools-for-stm32.7-2018-q2-update.win32_1.4.0.202007081208/tools/bin/../lib/gcc/arm-none-eabi/7.3.1/../../../../arm-none-eabi/lib/thumb/v7e-m/fpv4-sp/hard\libc_nano.a(lib_a-exit.o) (_global_impure_ptr)
c:/st/stm32cubeide_1.4.0/stm32cubeide/plugins/com.st.stm32cube.ide.mcu.externaltools.gnu-tools-for-stm32.7-2018-q2-update.win32_1.4.0.202007081208/tools/bin/../lib/gcc/arm-none-eabi/7.3.1/../../../../arm-none-eabi/lib/thumb/v7e-m/fpv4-sp/hard\libc_nano.a(lib_a-init.o)
                              c:/st/stm32cubeide_1.4.0/stm32cubeide/plugins/com.st.stm32cube.ide.mcu.externaltools.gnu-tools-for-stm32.7-2018-q2-update.win32_1.4.0.202007081208/tools/bin/../lib/gcc/arm-none-eabi/7.3.1/../../../../arm-none-eabi/lib/thumb/v7e-m/fpv4-sp/hard/crt0.o (__libc_init_array)
c:/st/stm32cubeide_1.4.0/stm32cubeide/plugins/com.st.stm32cube.ide.mcu.externaltools.gnu-tools-for-stm32.7-2018-q2-update.win32_1.4.0.202007081208/tools/bin/../lib/gcc/arm-none-eabi/7.3.1/../../../../arm-none-eabi/lib/thumb/v7e-m/fpv4-sp/hard\libc_nano.a(lib_a-memcpy-stub.o)
                              Middlewares/Third_Party/FreeRTOS/Source/queue.o (memcpy)
c:/st/stm32cubeide_1.4.0/stm32cubeide/plugins/com.st.stm32cube.ide.mcu.externaltools.gnu-tools-for-stm32.7-2018-q2-update.win32_1.4.0.202007081208/tools/bin/../lib/gcc/arm-none-eabi/7.3.1/../../../../arm-none-eabi/lib/thumb/v7e-m/fpv4-sp/hard\libc_nano.a(lib_a-memset.o)
                              c:/st/stm32cubeide_1.4.0/stm32cubeide/plugins/com.st.stm32cube.ide.mcu.externaltools.gnu-tools-for-stm32.7-2018-q2-update.win32_1.4.0.202007081208/tools/bin/../lib/gcc/arm-none-eabi/7.3.1/../../../../arm-none-eabi/lib/thumb/v7e-m/fpv4-sp/hard/crt0.o (memset)
c:/st/stm32cubeide_1.4.0/stm32cubeide/plugins/com.st.stm32cube.ide.mcu.externaltools.gnu-tools-for-stm32.7-2018-q2-update.win32_1.4.0.202007081208/tools/bin/../lib/gcc/arm-none-eabi/7.3.1/../../../../arm-none-eabi/lib/thumb/v7e-m/fpv4-sp/hard\libc_nano.a(lib_a-sprintf.o)
                              Core/Src/lcd.o (sprintf)
c:/st/stm32cubeide_1.4.0/stm32cubeide/plugins/com.st.stm32cube.ide.mcu.externaltools.gnu-tools-for-stm32.7-2018-q2-update.win32_1.4.0.202007081208/tools/bin/../lib/gcc/arm-none-eabi/7.3.1/../../../../arm-none-eabi/lib/thumb/v7e-m/fpv4-sp/hard\libc_nano.a(lib_a-strcat.o)
                              Core/Src/main.o (strcat)
c:/st/stm32cubeide_1.4.0/stm32cubeide/plugins/com.st.stm32cube.ide.mcu.externaltools.gnu-tools-for-stm32.7-2018-q2-update.win32_1.4.0.202007081208/tools/bin/../lib/gcc/arm-none-eabi/7.3.1/../../../../arm-none-eabi/lib/thumb/v7e-m/fpv4-sp/hard\libc_nano.a(lib_a-strcpy.o)
                              Core/Src/main.o (strcpy)
c:/st/stm32cubeide_1.4.0/stm32cubeide/plugins/com.st.stm32cube.ide.mcu.externaltools.gnu-tools-for-stm32.7-2018-q2-update.win32_1.4.0.202007081208/tools/bin/../lib/gcc/arm-none-eabi/7.3.1/../../../../arm-none-eabi/lib/thumb/v7e-m/fpv4-sp/hard\libc_nano.a(lib_a-strlen.o)
                              Core/Src/lcd.o (strlen)
c:/st/stm32cubeide_1.4.0/stm32cubeide/plugins/com.st.stm32cube.ide.mcu.externaltools.gnu-tools-for-stm32.7-2018-q2-update.win32_1.4.0.202007081208/tools/bin/../lib/gcc/arm-none-eabi/7.3.1/../../../../arm-none-eabi/lib/thumb/v7e-m/fpv4-sp/hard\libc_nano.a(lib_a-nano-svfprintf.o)
                              c:/st/stm32cubeide_1.4.0/stm32cubeide/plugins/com.st.stm32cube.ide.mcu.externaltools.gnu-tools-for-stm32.7-2018-q2-update.win32_1.4.0.202007081208/tools/bin/../lib/gcc/arm-none-eabi/7.3.1/../../../../arm-none-eabi/lib/thumb/v7e-m/fpv4-sp/hard\libc_nano.a(lib_a-sprintf.o) (_svfprintf_r)
[...]
Memory Configuration

Name             Origin             Length             Attributes
RAM              0x0000000020000000 0x0000000000018000 xrw
RAM2             0x0000000010000000 0x0000000000008000 xrw
FLASH            0x0000000008000000 0x0000000000100000 xr
*default*        0x0000000000000000 0xffffffffffffffff

Linker script and memory map

LOAD c:/st/stm32cubeide_1.4.0/stm32cubeide/plugins/com.st.stm32cube.ide.mcu.externaltools.gnu-tools-for-stm32.7-2018-q2-update.win32_1.4.0.202007081208/tools/bin/../lib/gcc/arm-none-eabi/7.3.1/thumb/v7e-m/fpv4-sp/hard/crti.o
LOAD c:/st/stm32cubeide_1.4.0/stm32cubeide/plugins/com.st.stm32cube.ide.mcu.externaltools.gnu-tools-for-stm32.7-2018-q2-update.win32_1.4.0.202007081208/tools/bin/../lib/gcc/arm-none-eabi/7.3.1/thumb/v7e-m/fpv4-sp/hard/crtbegin.o
LOAD c:/st/stm32cubeide_1.4.0/stm32cubeide/plugins/com.st.stm32cube.ide.mcu.externaltools.gnu-tools-for-stm32.7-2018-q2-update.win32_1.4.0.202007081208/tools/bin/../lib/gcc/arm-none-eabi/7.3.1/../../../../arm-none-eabi/lib/thumb/v7e-m/fpv4-sp/hard/crt0.o
LOAD Core/Src/freertos.o
LOAD Core/Src/lcd.o
LOAD Core/Src/main.o
LOAD Core/Src/stm32l4xx_hal_msp.o
LOAD Core/Src/stm32l4xx_it.o
LOAD Core/Src/syscalls.o
LOAD Core/Src/sysmem.o
LOAD Core/Src/system_stm32l4xx.o
LOAD Core/Startup/startup_stm32l476rgtx.o
LOAD Drivers/STM32L4xx_HAL_Driver/Src/stm32l4xx_hal.o
LOAD Drivers/STM32L4xx_HAL_Driver/Src/stm32l4xx_hal_cortex.o
LOAD Drivers/STM32L4xx_HAL_Driver/Src/stm32l4xx_hal_dma.o
LOAD Drivers/STM32L4xx_HAL_Driver/Src/stm32l4xx_hal_dma_ex.o
LOAD Drivers/STM32L4xx_HAL_Driver/Src/stm32l4xx_hal_exti.o
LOAD Drivers/STM32L4xx_HAL_Driver/Src/stm32l4xx_hal_flash.o
LOAD Drivers/STM32L4xx_HAL_Driver/Src/stm32l4xx_hal_flash_ex.o
LOAD Drivers/STM32L4xx_HAL_Driver/Src/stm32l4xx_hal_flash_ramfunc.o
LOAD Drivers/STM32L4xx_HAL_Driver/Src/stm32l4xx_hal_gpio.o
LOAD Drivers/STM32L4xx_HAL_Driver/Src/stm32l4xx_hal_i2c.o
LOAD Drivers/STM32L4xx_HAL_Driver/Src/stm32l4xx_hal_i2c_ex.o
LOAD Drivers/STM32L4xx_HAL_Driver/Src/stm32l4xx_hal_pwr.o
LOAD Drivers/STM32L4xx_HAL_Driver/Src/stm32l4xx_hal_pwr_ex.o
LOAD Drivers/STM32L4xx_HAL_Driver/Src/stm32l4xx_hal_rcc.o
LOAD Drivers/STM32L4xx_HAL_Driver/Src/stm32l4xx_hal_rcc_ex.o
LOAD Drivers/STM32L4xx_HAL_Driver/Src/stm32l4xx_hal_tim.o
LOAD Drivers/STM32L4xx_HAL_Driver/Src/stm32l4xx_hal_tim_ex.o
LOAD Drivers/STM32L4xx_HAL_Driver/Src/stm32l4xx_hal_uart.o
LOAD Drivers/STM32L4xx_HAL_Driver/Src/stm32l4xx_hal_uart_ex.o
LOAD Middlewares/Third_Party/FreeRTOS/Source/CMSIS_RTOS/cmsis_os.o
LOAD Middlewares/Third_Party/FreeRTOS/Source/croutine.o
LOAD Middlewares/Third_Party/FreeRTOS/Source/event_groups.o
LOAD Middlewares/Third_Party/FreeRTOS/Source/list.o
LOAD Middlewares/Third_Party/FreeRTOS/Source/queue.o
LOAD Middlewares/Third_Party/FreeRTOS/Source/stream_buffer.o
LOAD Middlewares/Third_Party/FreeRTOS/Source/tasks.o
LOAD Middlewares/Third_Party/FreeRTOS/Source/timers.o
LOAD Middlewares/Third_Party/FreeRTOS/Source/portable/GCC/ARM_CM4F/port.o
LOAD Middlewares/Third_Party/FreeRTOS/Source/portable/MemMang/heap_4.o
START GROUP
LOAD c:/st/stm32cubeide_1.4.0/stm32cubeide/plugins/com.st.stm32cube.ide.mcu.externaltools.gnu-tools-for-stm32.7-2018-q2-update.win32_1.4.0.202007081208/tools/bin/../lib/gcc/arm-none-eabi/7.3.1/../../../../arm-none-eabi/lib/thumb/v7e-m/fpv4-sp/hard\libc_nano.a
LOAD c:/st/stm32cubeide_1.4.0/stm32cubeide/plugins/com.st.stm32cube.ide.mcu.externaltools.gnu-tools-for-stm32.7-2018-q2-update.win32_1.4.0.202007081208/tools/bin/../lib/gcc/arm-none-eabi/7.3.1/../../../../arm-none-eabi/lib/thumb/v7e-m/fpv4-sp/hard\libm.a
END GROUP
START GROUP
LOAD c:/st/stm32cubeide_1.4.0/stm32cubeide/plugins/com.st.stm32cube.ide.mcu.externaltools.gnu-tools-for-stm32.7-2018-q2-update.win32_1.4.0.202007081208/tools/bin/../lib/gcc/arm-none-eabi/7.3.1/thumb/v7e-m/fpv4-sp/hard\libgcc.a
LOAD c:/st/stm32cubeide_1.4.0/stm32cubeide/plugins/com.st.stm32cube.ide.mcu.externaltools.gnu-tools-for-stm32.7-2018-q2-update.win32_1.4.0.202007081208/tools/bin/../lib/gcc/arm-none-eabi/7.3.1/../../../../arm-none-eabi/lib/thumb/v7e-m/fpv4-sp/hard\libc_nano.a
END GROUP
START GROUP
LOAD c:/st/stm32cubeide_1.4.0/stm32cubeide/plugins/com.st.stm32cube.ide.mcu.externaltools.gnu-tools-for-stm32.7-2018-q2-update.win32_1.4.0.202007081208/tools/bin/../lib/gcc/arm-none-eabi/7.3.1/thumb/v7e-m/fpv4-sp/hard\libgcc.a
LOAD c:/st/stm32cubeide_1.4.0/stm32cubeide/plugins/com.st.stm32cube.ide.mcu.externaltools.gnu-tools-for-stm32.7-2018-q2-update.win32_1.4.0.202007081208/tools/bin/../lib/gcc/arm-none-eabi/7.3.1/../../../../arm-none-eabi/lib/thumb/v7e-m/fpv4-sp/hard\libc_nano.a
LOAD c:/st/stm32cubeide_1.4.0/stm32cubeide/plugins/com.st.stm32cube.ide.mcu.externaltools.gnu-tools-for-stm32.7-2018-q2-update.win32_1.4.0.202007081208/tools/bin/../lib/gcc/arm-none-eabi/7.3.1/../../../../arm-none-eabi/lib/thumb/v7e-m/fpv4-sp/hard\libnosys.a
END GROUP
START GROUP
LOAD c:/st/stm32cubeide_1.4.0/stm32cubeide/plugins/com.st.stm32cube.ide.mcu.externaltools.gnu-tools-for-stm32.7-2018-q2-update.win32_1.4.0.202007081208/tools/bin/../lib/gcc/arm-none-eabi/7.3.1/thumb/v7e-m/fpv4-sp/hard\libgcc.a
LOAD c:/st/stm32cubeide_1.4.0/stm32cubeide/plugins/com.st.stm32cube.ide.mcu.externaltools.gnu-tools-for-stm32.7-2018-q2-update.win32_1.4.0.202007081208/tools/bin/../lib/gcc/arm-none-eabi/7.3.1/../../../../arm-none-eabi/lib/thumb/v7e-m/fpv4-sp/hard\libc_nano.a
LOAD c:/st/stm32cubeide_1.4.0/stm32cubeide/plugins/com.st.stm32cube.ide.mcu.externaltools.gnu-tools-for-stm32.7-2018-q2-update.win32_1.4.0.202007081208/tools/bin/../lib/gcc/arm-none-eabi/7.3.1/../../../../arm-none-eabi/lib/thumb/v7e-m/fpv4-sp/hard\libnosys.a
END GROUP
LOAD c:/st/stm32cubeide_1.4.0/stm32cubeide/plugins/com.st.stm32cube.ide.mcu.externaltools.gnu-tools-for-stm32.7-2018-q2-update.win32_1.4.0.202007081208/tools/bin/../lib/gcc/arm-none-eabi/7.3.1/thumb/v7e-m/fpv4-sp/hard/crtend.o
LOAD c:/st/stm32cubeide_1.4.0/stm32cubeide/plugins/com.st.stm32cube.ide.mcu.externaltools.gnu-tools-for-stm32.7-2018-q2-update.win32_1.4.0.202007081208/tools/bin/../lib/gcc/arm-none-eabi/7.3.1/thumb/v7e-m/fpv4-sp/hard/crtn.o
                0x0000000020018000                _estack = (ORIGIN (RAM) + LENGTH (RAM))
                0x0000000000000200                _Min_Heap_Size = 0x200
                0x0000000000000400                _Min_Stack_Size = 0x400

.isr_vector     0x0000000008000000      0x188
                0x0000000008000000                . = ALIGN (0x4)
 *(.isr_vector)
 .isr_vector    0x0000000008000000      0x188 Core/Startup/startup_stm32l476rgtx.o
                0x0000000008000000                g_pfnVectors
                0x0000000008000188                . = ALIGN (0x4)

.text           0x0000000008000190     0x5400
                0x0000000008000190                . = ALIGN (0x4)
 *(.text)
 .text          0x0000000008000190       0x40 c:/st/stm32cubeide_1.4.0/stm32cubeide/plugins/com.st.stm32cube.ide.mcu.externaltools.gnu-tools-for-stm32.7-2018-q2-update.win32_1.4.0.202007081208/tools/bin/../lib/gcc/arm-none-eabi/7.3.1/thumb/v7e-m/fpv4-sp/hard/crtbegin.o
 .text          0x00000000080001d0       0x10 c:/st/stm32cubeide_1.4.0/stm32cubeide/plugins/com.st.stm32cube.ide.mcu.externaltools.gnu-tools-for-stm32.7-2018-q2-update.win32_1.4.0.202007081208/tools/bin/../lib/gcc/arm-none-eabi/7.3.1/../../../../arm-none-eabi/lib/thumb/v7e-m/fpv4-sp/hard\libc_nano.a(lib_a-strlen.o)
                0x00000000080001d0                strlen
 .text          0x00000000080001e0       0x30 c:/st/stm32cubeide_1.4.0/stm32cubeide/plugins/com.st.stm32cube.ide.mcu.externaltools.gnu-tools-for-stm32.7-2018-q2-update.win32_1.4.0.202007081208/tools/bin/../lib/gcc/arm-none-eabi/7.3.1/thumb/v7e-m/fpv4-sp/hard\libgcc.a(_aeabi_uldivmod.o)
                0x00000000080001e0                __aeabi_uldivmod
 .text          0x0000000008000210      0x2cc c:/st/stm32cubeide_1.4.0/stm32cubeide/plugins/com.st.stm32cube.ide.mcu.externaltools.gnu-tools-for-stm32.7-2018-q2-update.win32_1.4.0.202007081208/tools/bin/../lib/gcc/arm-none-eabi/7.3.1/thumb/v7e-m/fpv4-sp/hard\libgcc.a(_udivmoddi4.o)
                0x0000000008000210                __udivmoddi4
 .text          0x00000000080004dc        0x4 c:/st/stm32cubeide_1.4.0/stm32cubeide/plugins/com.st.stm32cube.ide.mcu.externaltools.gnu-tools-for-stm32.7-2018-q2-update.win32_1.4.0.202007081208/tools/bin/../lib/gcc/arm-none-eabi/7.3.1/thumb/v7e-m/fpv4-sp/hard\libgcc.a(_dvmd_tls.o)
                0x00000000080004dc                __aeabi_idiv0
                0x00000000080004dc                __aeabi_ldiv0
 *(.text*)
 .text.vApplicationGetIdleTaskMemory
                0x00000000080004e0       0x34 Core/Src/freertos.o
                0x00000000080004e0                vApplicationGetIdleTaskMemory
 .text.Lcd_create
                0x0000000008000514       0x56 Core/Src/lcd.o
                0x0000000008000514                Lcd_create
 .text.Lcd_init
                0x000000000800056a       0x52 Core/Src/lcd.o
                0x000000000800056a                Lcd_init
 .text.Lcd_string
                0x00000000080005bc       0x3c Core/Src/lcd.o
                0x00000000080005bc                Lcd_string
 .text.Lcd_cursor
                0x00000000080005f8       0x34 Core/Src/lcd.o
                0x00000000080005f8                Lcd_cursor
 .text.lcd_write_command
                0x000000000800062c       0x5c Core/Src/lcd.o
 .text.lcd_write_data
                0x0000000008000688       0x5c Core/Src/lcd.o
 .text.lcd_write
                0x00000000080006e4       0x80 Core/Src/lcd.o
 .text.main     0x0000000008000764      0x140 Core/Src/main.o
                0x0000000008000764                main
 .text.SystemClock_Config
                0x00000000080008a4       0xea Core/Src/main.o
                0x00000000080008a4                SystemClock_Config
 *fill*         0x000000000800098e        0x2 
 .text.MX_USART2_UART_Init
                0x0000000008000990       0x60 Core/Src/main.o
 .text.MX_GPIO_Init
                0x00000000080009f0      0x15c Core/Src/main.o
 .text.contr_password
                0x0000000008000b4c      0x7dc Core/Src/main.o
                0x0000000008000b4c                contr_password
 .text.cursor   0x0000000008001328       0xf8 Core/Src/main.o
                0x0000000008001328                cursor
 .text.pulsa    0x0000000008001420       0xac Core/Src/main.o
                0x0000000008001420                pulsa
 .text.error    0x00000000080014cc       0xac Core/Src/main.o
                0x00000000080014cc                error
 .text.read_keypad
                0x0000000008001578      0x350 Core/Src/main.o
                0x0000000008001578                read_keypad
 .text.lock_safe
                0x00000000080018c8       0x22 Core/Src/main.o
                0x00000000080018c8                lock_safe
 *fill*         0x00000000080018ea        0x2 
 .text.unlock_safe
                0x00000000080018ec       0x2c Core/Src/main.o
                0x00000000080018ec                unlock_safe
 .text.StartDefaultTask
                0x0000000008001918       0x28 Core/Src/main.o
                0x0000000008001918                StartDefaultTask
 .text.StartTask02
                0x0000000008001940       0x10 Core/Src/main.o
                0x0000000008001940                StartTask02
 .text.StartTask03
                0x0000000008001950       0x10 Core/Src/main.o
                0x0000000008001950                StartTask03
 .text.Error_Handler
                0x0000000008001960        0xe Core/Src/main.o
                0x0000000008001960                Error_Handler
 *fill*         0x000000000800196e        0x2 
 .text.HAL_MspInit
                0x0000000008001970       0x48 Core/Src/stm32l4xx_hal_msp.o
                0x0000000008001970                HAL_MspInit
 .text.HAL_UART_MspInit
                0x00000000080019b8       0x84 Core/Src/stm32l4xx_hal_msp.o
                0x00000000080019b8                HAL_UART_MspInit
 .text.NMI_Handler
                0x0000000008001a3c        0xe Core/Src/stm32l4xx_it.o
                0x0000000008001a3c                NMI_Handler
 .text.HardFault_Handler
                0x0000000008001a4a        0x6 Core/Src/stm32l4xx_it.o
                0x0000000008001a4a                HardFault_Handler
 .text.MemManage_Handler
                0x0000000008001a50        0x6 Core/Src/stm32l4xx_it.o
                0x0000000008001a50                MemManage_Handler
 .text.BusFault_Handler
                0x0000000008001a56        0x6 Core/Src/stm32l4xx_it.o
                0x0000000008001a56                BusFault_Handler
 .text.UsageFault_Handler
                0x0000000008001a5c        0x6 Core/Src/stm32l4xx_it.o
                0x0000000008001a5c                UsageFault_Handler
 .text.DebugMon_Handler
                0x0000000008001a62        0xe Core/Src/stm32l4xx_it.o
                0x0000000008001a62                DebugMon_Handler
 .text.SysTick_Handler
                0x0000000008001a70       0x1a Core/Src/stm32l4xx_it.o
                0x0000000008001a70                SysTick_Handler
 *fill*         0x0000000008001a8a        0x2 
 .text.SystemInit
                0x0000000008001a8c       0x6c Core/Src/system_stm32l4xx.o
                0x0000000008001a8c                SystemInit
 .text.Reset_Handler
                0x0000000008001af8       0x50 Core/Startup/startup_stm32l476rgtx.o
                0x0000000008001af8                Reset_Handler
 .text.Default_Handler
                0x0000000008001b48        0x2 Core/Startup/startup_stm32l476rgtx.o
                0x0000000008001b48                RTC_Alarm_IRQHandler
                0x0000000008001b48                EXTI2_IRQHandler
                0x0000000008001b48                TIM8_TRG_COM_IRQHandler
                0x0000000008001b48                TIM8_CC_IRQHandler
                0x0000000008001b48                TIM1_CC_IRQHandler
                0x0000000008001b48                TSC_IRQHandler
                0x0000000008001b48                TAMP_STAMP_IRQHandler
                0x0000000008001b48                EXTI3_IRQHandler
                0x0000000008001b48                LPTIM2_IRQHandler
                0x0000000008001b48                DFSDM1_FLT1_IRQHandler
                0x0000000008001b48                I2C3_ER_IRQHandler
                0x0000000008001b48                DFSDM1_FLT2_IRQHandler
                0x0000000008001b48                EXTI0_IRQHandler
                0x0000000008001b48                I2C2_EV_IRQHandler
                0x0000000008001b48                CAN1_RX0_IRQHandler
                0x0000000008001b48                FPU_IRQHandler
                0x0000000008001b48                TIM1_UP_TIM16_IRQHandler
                0x0000000008001b48                ADC1_2_IRQHandler
                0x0000000008001b48                SPI1_IRQHandler
                0x0000000008001b48                TIM6_DAC_IRQHandler
                0x0000000008001b48                TIM8_UP_IRQHandler
                0x0000000008001b48                DMA2_Channel2_IRQHandler
                0x0000000008001b48                DMA1_Channel4_IRQHandler
                0x0000000008001b48                SAI2_IRQHandler
                0x0000000008001b48                DFSDM1_FLT3_IRQHandler
                0x0000000008001b48                USART3_IRQHandler
                0x0000000008001b48                DMA1_Channel7_IRQHandler
                0x0000000008001b48                CAN1_RX1_IRQHandler
                0x0000000008001b48                LCD_IRQHandler
                0x0000000008001b48                UART5_IRQHandler
                0x0000000008001b48                ADC3_IRQHandler
                0x0000000008001b48                TIM4_IRQHandler
                0x0000000008001b48                DMA2_Channel1_IRQHandler
                0x0000000008001b48                QUADSPI_IRQHandler
                0x0000000008001b48                I2C1_EV_IRQHandler
                0x0000000008001b48                DMA1_Channel6_IRQHandler
                0x0000000008001b48                UART4_IRQHandler
                0x0000000008001b48                DMA2_Channel4_IRQHandler
                0x0000000008001b48                TIM3_IRQHandler
                0x0000000008001b48                RCC_IRQHandler
                0x0000000008001b48                DMA1_Channel1_IRQHandler
                0x0000000008001b48                Default_Handler
                0x0000000008001b48                DMA2_Channel7_IRQHandler
                0x0000000008001b48                EXTI15_10_IRQHandler
                0x0000000008001b48                TIM7_IRQHandler
                0x0000000008001b48                SDMMC1_IRQHandler
                0x0000000008001b48                TIM5_IRQHandler
                0x0000000008001b48                I2C3_EV_IRQHandler
                0x0000000008001b48                EXTI9_5_IRQHandler
                0x0000000008001b48                RTC_WKUP_IRQHandler
                0x0000000008001b48                PVD_PVM_IRQHandler
                0x0000000008001b48                SPI2_IRQHandler
                0x0000000008001b48                CAN1_TX_IRQHandler
                0x0000000008001b48                DMA2_Channel5_IRQHandler
                0x0000000008001b48                DMA1_Channel5_IRQHandler
                0x0000000008001b48                EXTI4_IRQHandler
                0x0000000008001b48                RNG_IRQHandler
                0x0000000008001b48                TIM1_TRG_COM_TIM17_IRQHandler
                0x0000000008001b48                DMA1_Channel3_IRQHandler
                0x0000000008001b48                COMP_IRQHandler
                0x0000000008001b48                WWDG_IRQHandler
                0x0000000008001b48                LPUART1_IRQHandler
                0x0000000008001b48                DMA2_Channel6_IRQHandler
                0x0000000008001b48                TIM2_IRQHandler
                0x0000000008001b48                EXTI1_IRQHandler
                0x0000000008001b48                USART2_IRQHandler
                0x0000000008001b48                DFSDM1_FLT0_IRQHandler
                0x0000000008001b48                I2C2_ER_IRQHandler
                0x0000000008001b48                DMA1_Channel2_IRQHandler
                0x0000000008001b48                TIM8_BRK_IRQHandler
                0x0000000008001b48                CAN1_SCE_IRQHandler
                0x0000000008001b48                FLASH_IRQHandler
                0x0000000008001b48                USART1_IRQHandler
                0x0000000008001b48                OTG_FS_IRQHandler
                0x0000000008001b48                SPI3_IRQHandler
                0x0000000008001b48                I2C1_ER_IRQHandler
                0x0000000008001b48                FMC_IRQHandler
                0x0000000008001b48                SWPMI1_IRQHandler
                0x0000000008001b48                LPTIM1_IRQHandler
                0x0000000008001b48                SAI1_IRQHandler
                0x0000000008001b48                DMA2_Channel3_IRQHandler
                0x0000000008001b48                TIM1_BRK_TIM15_IRQHandler
 *fill*         0x0000000008001b4a        0x2 
 .text.HAL_Init
                0x0000000008001b4c       0x40 Drivers/STM32L4xx_HAL_Driver/Src/stm32l4xx_hal.o
                0x0000000008001b4c                HAL_Init
 .text.HAL_InitTick
                0x0000000008001b8c       0x78 Drivers/STM32L4xx_HAL_Driver/Src/stm32l4xx_hal.o
                0x0000000008001b8c                HAL_InitTick
 .text.HAL_IncTick
                0x0000000008001c04       0x28 Drivers/STM32L4xx_HAL_Driver/Src/stm32l4xx_hal.o
                0x0000000008001c04                HAL_IncTick
 .text.HAL_GetTick
                0x0000000008001c2c       0x18 Drivers/STM32L4xx_HAL_Driver/Src/stm32l4xx_hal.o
                0x0000000008001c2c                HAL_GetTick
 .text.HAL_Delay
                0x0000000008001c44       0x44 Drivers/STM32L4xx_HAL_Driver/Src/stm32l4xx_hal.o
                0x0000000008001c44                HAL_Delay
 .text.__NVIC_SetPriorityGrouping
                0x0000000008001c88       0x48 Drivers/STM32L4xx_HAL_Driver/Src/stm32l4xx_hal_cortex.o
 .text.__NVIC_GetPriorityGrouping
                0x0000000008001cd0       0x1c Drivers/STM32L4xx_HAL_Driver/Src/stm32l4xx_hal_cortex.o
 .text.__NVIC_SetPriority
                0x0000000008001cec       0x54 Drivers/STM32L4xx_HAL_Driver/Src/stm32l4xx_hal_cortex.o
 .text.NVIC_EncodePriority
                0x0000000008001d40       0x66 Drivers/STM32L4xx_HAL_Driver/Src/stm32l4xx_hal_cortex.o
 *fill*         0x0000000008001da6        0x2 
 .text.SysTick_Config
                0x0000000008001da8       0x44 Drivers/STM32L4xx_HAL_Driver/Src/stm32l4xx_hal_cortex.o
 .text.HAL_NVIC_SetPriorityGrouping
                0x0000000008001dec       0x16 Drivers/STM32L4xx_HAL_Driver/Src/stm32l4xx_hal_cortex.o
                0x0000000008001dec                HAL_NVIC_SetPriorityGrouping
 .text.HAL_NVIC_SetPriority
                0x0000000008001e02       0x38 Drivers/STM32L4xx_HAL_Driver/Src/stm32l4xx_hal_cortex.o
                0x0000000008001e02                HAL_NVIC_SetPriority
 .text.HAL_SYSTICK_Config
                0x0000000008001e3a       0x18 Drivers/STM32L4xx_HAL_Driver/Src/stm32l4xx_hal_cortex.o
                0x0000000008001e3a                HAL_SYSTICK_Config
 *fill*         0x0000000008001e52        0x2 
 .text.HAL_GPIO_Init
                0x0000000008001e54      0x350 Drivers/STM32L4xx_HAL_Driver/Src/stm32l4xx_hal_gpio.o
                0x0000000008001e54                HAL_GPIO_Init
 .text.HAL_GPIO_ReadPin
                0x00000000080021a4       0x30 Drivers/STM32L4xx_HAL_Driver/Src/stm32l4xx_hal_gpio.o
                0x00000000080021a4                HAL_GPIO_ReadPin
 .text.HAL_GPIO_WritePin
                0x00000000080021d4       0x30 Drivers/STM32L4xx_HAL_Driver/Src/stm32l4xx_hal_gpio.o
                0x00000000080021d4                HAL_GPIO_WritePin
 .text.HAL_PWREx_GetVoltageRange
                0x0000000008002204       0x1c Drivers/STM32L4xx_HAL_Driver/Src/stm32l4xx_hal_pwr_ex.o
                0x0000000008002204                HAL_PWREx_GetVoltageRange
 .text.HAL_PWREx_ControlVoltageScaling
                0x0000000008002220       0xac Drivers/STM32L4xx_HAL_Driver/Src/stm32l4xx_hal_pwr_ex.o
                0x0000000008002220                HAL_PWREx_ControlVoltageScaling
 .text.HAL_RCC_OscConfig
                0x00000000080022cc      0x7cc Drivers/STM32L4xx_HAL_Driver/Src/stm32l4xx_hal_rcc.o
                0x00000000080022cc                HAL_RCC_OscConfig
 .text.HAL_RCC_ClockConfig
                0x0000000008002a98      0x1c4 Drivers/STM32L4xx_HAL_Driver/Src/stm32l4xx_hal_rcc.o
                0x0000000008002a98                HAL_RCC_ClockConfig
 .text.HAL_RCC_GetSysClockFreq
                0x0000000008002c5c      0x114 Drivers/STM32L4xx_HAL_Driver/Src/stm32l4xx_hal_rcc.o
                0x0000000008002c5c                HAL_RCC_GetSysClockFreq
 .text.HAL_RCC_GetHCLKFreq
                0x0000000008002d70       0x18 Drivers/STM32L4xx_HAL_Driver/Src/stm32l4xx_hal_rcc.o
                0x0000000008002d70                HAL_RCC_GetHCLKFreq
 .text.HAL_RCC_GetPCLK1Freq
                0x0000000008002d88       0x2c Drivers/STM32L4xx_HAL_Driver/Src/stm32l4xx_hal_rcc.o
                0x0000000008002d88                HAL_RCC_GetPCLK1Freq
 .text.HAL_RCC_GetPCLK2Freq
                0x0000000008002db4       0x2c Drivers/STM32L4xx_HAL_Driver/Src/stm32l4xx_hal_rcc.o
                0x0000000008002db4                HAL_RCC_GetPCLK2Freq
 .text.RCC_SetFlashLatencyFromMSIRange
                0x0000000008002de0       0xc0 Drivers/STM32L4xx_HAL_Driver/Src/stm32l4xx_hal_rcc.o
 .text.HAL_RCCEx_PeriphCLKConfig
                0x0000000008002ea0      0x5cc Drivers/STM32L4xx_HAL_Driver/Src/stm32l4xx_hal_rcc_ex.o
                0x0000000008002ea0                HAL_RCCEx_PeriphCLKConfig
 .text.RCCEx_PLLSAI1_Config
                0x000000000800346c      0x1e0 Drivers/STM32L4xx_HAL_Driver/Src/stm32l4xx_hal_rcc_ex.o
 .text.RCCEx_PLLSAI2_Config
                0x000000000800364c      0x1b4 Drivers/STM32L4xx_HAL_Driver/Src/stm32l4xx_hal_rcc_ex.o
 .text.HAL_UART_Init
                0x0000000008003800       0x9c Drivers/STM32L4xx_HAL_Driver/Src/stm32l4xx_hal_uart.o
                0x0000000008003800                HAL_UART_Init
 .text.UART_SetConfig
                0x000000000800389c      0x514 Drivers/STM32L4xx_HAL_Driver/Src/stm32l4xx_hal_uart.o
                0x000000000800389c                UART_SetConfig
 .text.UART_AdvFeatureConfig
                0x0000000008003db0      0x144 Drivers/STM32L4xx_HAL_Driver/Src/stm32l4xx_hal_uart.o
                0x0000000008003db0                UART_AdvFeatureConfig
 .text.UART_CheckIdleState
                0x0000000008003ef4       0x8a Drivers/STM32L4xx_HAL_Driver/Src/stm32l4xx_hal_uart.o
                0x0000000008003ef4                UART_CheckIdleState
 .text.UART_WaitOnFlagUntilTimeout
                0x0000000008003f7e       0xf6 Drivers/STM32L4xx_HAL_Driver/Src/stm32l4xx_hal_uart.o
                0x0000000008003f7e                UART_WaitOnFlagUntilTimeout
 .text.makeFreeRtosPriority
                0x0000000008004074       0x30 Middlewares/Third_Party/FreeRTOS/Source/CMSIS_RTOS/cmsis_os.o
 .text.osKernelStart
                0x00000000080040a4        0xe Middlewares/Third_Party/FreeRTOS/Source/CMSIS_RTOS/cmsis_os.o
                0x00000000080040a4                osKernelStart
 .text.osThreadCreate
                0x00000000080040b2       0x98 Middlewares/Third_Party/FreeRTOS/Source/CMSIS_RTOS/cmsis_os.o
                0x00000000080040b2                osThreadCreate
 .text.osDelay  0x000000000800414a       0x28 Middlewares/Third_Party/FreeRTOS/Source/CMSIS_RTOS/cmsis_os.o
                0x000000000800414a                osDelay
 .text.vListInitialise
                0x0000000008004172       0x40 Middlewares/Third_Party/FreeRTOS/Source/list.o
                0x0000000008004172                vListInitialise
 .text.vListInitialiseItem
                0x00000000080041b2       0x1a Middlewares/Third_Party/FreeRTOS/Source/list.o
                0x00000000080041b2                vListInitialiseItem
 .text.vListInsertEnd
                0x00000000080041cc       0x48 Middlewares/Third_Party/FreeRTOS/Source/list.o
                0x00000000080041cc                vListInsertEnd
 .text.vListInsert
                0x0000000008004214       0x72 Middlewares/Third_Party/FreeRTOS/Source/list.o
                0x0000000008004214                vListInsert
 .text.uxListRemove
                0x0000000008004286       0x54 Middlewares/Third_Party/FreeRTOS/Source/list.o
                0x0000000008004286                uxListRemove
 .text.xTaskCreateStatic
                0x00000000080042da       0xb4 Middlewares/Third_Party/FreeRTOS/Source/tasks.o
                0x00000000080042da                xTaskCreateStatic
 .text.xTaskCreate
                0x000000000800438e       0x8a Middlewares/Third_Party/FreeRTOS/Source/tasks.o
                0x000000000800438e                xTaskCreate
 .text.prvInitialiseNewTask
                0x0000000008004418      0x10c Middlewares/Third_Party/FreeRTOS/Source/tasks.o
 .text.prvAddNewTaskToReadyList
                0x0000000008004524       0xd4 Middlewares/Third_Party/FreeRTOS/Source/tasks.o
 .text.vTaskDelay
                0x00000000080045f8       0x68 Middlewares/Third_Party/FreeRTOS/Source/tasks.o
                0x00000000080045f8                vTaskDelay
 .text.vTaskStartScheduler
                0x0000000008004660       0xbc Middlewares/Third_Party/FreeRTOS/Source/tasks.o
                0x0000000008004660                vTaskStartScheduler
 .text.vTaskSuspendAll
                0x000000000800471c       0x1c Middlewares/Third_Party/FreeRTOS/Source/tasks.o
                0x000000000800471c                vTaskSuspendAll
 .text.xTaskResumeAll
                0x0000000008004738      0x138 Middlewares/Third_Party/FreeRTOS/Source/tasks.o
                0x0000000008004738                xTaskResumeAll
 .text.xTaskIncrementTick
                0x0000000008004870      0x170 Middlewares/Third_Party/FreeRTOS/Source/tasks.o
                0x0000000008004870                xTaskIncrementTick
 .text.vTaskSwitchContext
                0x00000000080049e0       0xb4 Middlewares/Third_Party/FreeRTOS/Source/tasks.o
                0x00000000080049e0                vTaskSwitchContext
 .text.prvIdleTask
                0x0000000008004a94       0x30 Middlewares/Third_Party/FreeRTOS/Source/tasks.o
 .text.prvInitialiseTaskLists
                0x0000000008004ac4       0x80 Middlewares/Third_Party/FreeRTOS/Source/tasks.o
 .text.prvCheckTasksWaitingTermination
                0x0000000008004b44       0x58 Middlewares/Third_Party/FreeRTOS/Source/tasks.o
 .text.prvDeleteTCB
                0x0000000008004b9c       0x5c Middlewares/Third_Party/FreeRTOS/Source/tasks.o
 .text.prvResetNextTaskUnblockTime
                0x0000000008004bf8       0x40 Middlewares/Third_Party/FreeRTOS/Source/tasks.o
 .text.xTaskGetSchedulerState
                0x0000000008004c38       0x3c Middlewares/Third_Party/FreeRTOS/Source/tasks.o
                0x0000000008004c38                xTaskGetSchedulerState
 .text.prvAddCurrentTaskToDelayedList
                0x0000000008004c74       0xcc Middlewares/Third_Party/FreeRTOS/Source/tasks.o
 .text.pxPortInitialiseStack
                0x0000000008004d40       0x68 Middlewares/Third_Party/FreeRTOS/Source/portable/GCC/ARM_CM4F/port.o
                0x0000000008004d40                pxPortInitialiseStack
 .text.prvTaskExitError
                0x0000000008004da8       0x54 Middlewares/Third_Party/FreeRTOS/Source/portable/GCC/ARM_CM4F/port.o
 *fill*         0x0000000008004dfc        0x4 
 .text.SVC_Handler
                0x0000000008004e00       0x28 Middlewares/Third_Party/FreeRTOS/Source/portable/GCC/ARM_CM4F/port.o
                0x0000000008004e00                SVC_Handler
 .text.prvPortStartFirstTask
                0x0000000008004e28       0x28 Middlewares/Third_Party/FreeRTOS/Source/portable/GCC/ARM_CM4F/port.o
 .text.xPortStartScheduler
                0x0000000008004e50      0x13c Middlewares/Third_Party/FreeRTOS/Source/portable/GCC/ARM_CM4F/port.o
                0x0000000008004e50                xPortStartScheduler
 .text.vPortEnterCritical
                0x0000000008004f8c       0x5c Middlewares/Third_Party/FreeRTOS/Source/portable/GCC/ARM_CM4F/port.o
                0x0000000008004f8c                vPortEnterCritical
 .text.vPortExitCritical
                0x0000000008004fe8       0x50 Middlewares/Third_Party/FreeRTOS/Source/portable/GCC/ARM_CM4F/port.o
                0x0000000008004fe8                vPortExitCritical
 *fill*         0x0000000008005038        0x8 
 .text.PendSV_Handler
                0x0000000008005040       0x68 Middlewares/Third_Party/FreeRTOS/Source/portable/GCC/ARM_CM4F/port.o
                0x0000000008005040                PendSV_Handler
 .text.xPortSysTickHandler
                0x00000000080050a8       0x40 Middlewares/Third_Party/FreeRTOS/Source/portable/GCC/ARM_CM4F/port.o
                0x00000000080050a8                xPortSysTickHandler
 .text.vPortSetupTimerInterrupt
                0x00000000080050e8       0x48 Middlewares/Third_Party/FreeRTOS/Source/portable/GCC/ARM_CM4F/port.o
                0x00000000080050e8                vPortSetupTimerInterrupt
 .text.vPortEnableVFP
                0x0000000008005130       0x14 Middlewares/Third_Party/FreeRTOS/Source/portable/GCC/ARM_CM4F/port.o
 .text.pvPortMalloc
                0x0000000008005144      0x184 Middlewares/Third_Party/FreeRTOS/Source/portable/MemMang/heap_4.o
                0x0000000008005144                pvPortMalloc
 .text.vPortFree
                0x00000000080052c8       0xb0 Middlewares/Third_Party/FreeRTOS/Source/portable/MemMang/heap_4.o
                0x00000000080052c8                vPortFree
 .text.prvHeapInit
                0x0000000008005378       0xc4 Middlewares/Third_Party/FreeRTOS/Source/portable/MemMang/heap_4.o
 .text.prvInsertBlockIntoFreeList
                0x000000000800543c       0xb4 Middlewares/Third_Party/FreeRTOS/Source/portable/MemMang/heap_4.o
 .text.__libc_init_array
                0x00000000080054f0       0x48 c:/st/stm32cubeide_1.4.0/stm32cubeide/plugins/com.st.stm32cube.ide.mcu.externaltools.gnu-tools-for-stm32.7-2018-q2-update.win32_1.4.0.202007081208/tools/bin/../lib/gcc/arm-none-eabi/7.3.1/../../../../arm-none-eabi/lib/thumb/v7e-m/fpv4-sp/hard\libc_nano.a(lib_a-init.o)
                0x00000000080054f0                __libc_init_array
 .text.memset   0x0000000008005538       0x10 c:/st/stm32cubeide_1.4.0/stm32cubeide/plugins/com.st.stm32cube.ide.mcu.externaltools.gnu-tools-for-stm32.7-2018-q2-update.win32_1.4.0.202007081208/tools/bin/../lib/gcc/arm-none-eabi/7.3.1/../../../../arm-none-eabi/lib/thumb/v7e-m/fpv4-sp/hard\libc_nano.a(lib_a-memset.o)
                0x0000000008005538                memset
 .text.strcat   0x0000000008005548       0x1e c:/st/stm32cubeide_1.4.0/stm32cubeide/plugins/com.st.stm32cube.ide.mcu.externaltools.gnu-tools-for-stm32.7-2018-q2-update.win32_1.4.0.202007081208/tools/bin/../lib/gcc/arm-none-eabi/7.3.1/../../../../arm-none-eabi/lib/thumb/v7e-m/fpv4-sp/hard\libc_nano.a(lib_a-strcat.o)
                0x0000000008005548                strcat
 .text.strcpy   0x0000000008005566       0x10 c:/st/stm32cubeide_1.4.0/stm32cubeide/plugins/com.st.stm32cube.ide.mcu.externaltools.gnu-tools-for-stm32.7-2018-q2-update.win32_1.4.0.202007081208/tools/bin/../lib/gcc/arm-none-eabi/7.3.1/../../../../arm-none-eabi/lib/thumb/v7e-m/fpv4-sp/hard\libc_nano.a(lib_a-strcpy.o)
                0x0000000008005566                strcpy
 *(.glue_7)
 .glue_7        0x0000000008005576        0x0 linker stubs
 *(.glue_7t)
 .glue_7t       0x0000000008005576        0x0 linker stubs
 *(.eh_frame)
 *fill*         0x0000000008005576        0x2 
 .eh_frame      0x0000000008005578        0x0 c:/st/stm32cubeide_1.4.0/stm32cubeide/plugins/com.st.stm32cube.ide.mcu.externaltools.gnu-tools-for-stm32.7-2018-q2-update.win32_1.4.0.202007081208/tools/bin/../lib/gcc/arm-none-eabi/7.3.1/thumb/v7e-m/fpv4-sp/hard/crtbegin.o
 *(.init)
 .init          0x0000000008005578        0x4 c:/st/stm32cubeide_1.4.0/stm32cubeide/plugins/com.st.stm32cube.ide.mcu.externaltools.gnu-tools-for-stm32.7-2018-q2-update.win32_1.4.0.202007081208/tools/bin/../lib/gcc/arm-none-eabi/7.3.1/thumb/v7e-m/fpv4-sp/hard/crti.o
                0x0000000008005578                _init
 .init          0x000000000800557c        0x8 c:/st/stm32cubeide_1.4.0/stm32cubeide/plugins/com.st.stm32cube.ide.mcu.externaltools.gnu-tools-for-stm32.7-2018-q2-update.win32_1.4.0.202007081208/tools/bin/../lib/gcc/arm-none-eabi/7.3.1/thumb/v7e-m/fpv4-sp/hard/crtn.o
 *(.fini)
 .fini          0x0000000008005584        0x4 c:/st/stm32cubeide_1.4.0/stm32cubeide/plugins/com.st.stm32cube.ide.mcu.externaltools.gnu-tools-for-stm32.7-2018-q2-update.win32_1.4.0.202007081208/tools/bin/../lib/gcc/arm-none-eabi/7.3.1/thumb/v7e-m/fpv4-sp/hard/crti.o
                0x0000000008005584                _fini
 .fini          0x0000000008005588        0x8 c:/st/stm32cubeide_1.4.0/stm32cubeide/plugins/com.st.stm32cube.ide.mcu.externaltools.gnu-tools-for-stm32.7-2018-q2-update.win32_1.4.0.202007081208/tools/bin/../lib/gcc/arm-none-eabi/7.3.1/thumb/v7e-m/fpv4-sp/hard/crtn.o
                0x0000000008005590                . = ALIGN (0x4)
                0x0000000008005590                _etext = .

.vfp11_veneer   0x0000000008005590        0x0
 .vfp11_veneer  0x0000000008005590        0x0 linker stubs

.v4_bx          0x0000000008005590        0x0
 .v4_bx         0x0000000008005590        0x0 linker stubs

.iplt           0x0000000008005590        0x0
 .iplt          0x0000000008005590        0x0 c:/st/stm32cubeide_1.4.0/stm32cubeide/plugins/com.st.stm32cube.ide.mcu.externaltools.gnu-tools-for-stm32.7-2018-q2-update.win32_1.4.0.202007081208/tools/bin/../lib/gcc/arm-none-eabi/7.3.1/thumb/v7e-m/fpv4-sp/hard/crtbegin.o

.rodata         0x0000000008005590      0x148
                0x0000000008005590                . = ALIGN (0x4)
 *(.rodata)
 .rodata        0x0000000008005590       0xf2 Core/Src/main.o
 *fill*         0x0000000008005682        0x2 
 .rodata        0x0000000008005684        0x5 Middlewares/Third_Party/FreeRTOS/Source/tasks.o
 *(.rodata*)
 *fill*         0x0000000008005689        0x3 
 .rodata.ROW_16
                0x000000000800568c        0x4 Core/Src/lcd.o
                0x000000000800568c                ROW_16
 .rodata.AHBPrescTable
                0x0000000008005690       0x10 Core/Src/system_stm32l4xx.o
                0x0000000008005690                AHBPrescTable
 .rodata.APBPrescTable
                0x00000000080056a0        0x8 Core/Src/system_stm32l4xx.o
                0x00000000080056a0                APBPrescTable
 .rodata.MSIRangeTable
                0x00000000080056a8       0x30 Core/Src/system_stm32l4xx.o
                0x00000000080056a8                MSIRangeTable
                0x00000000080056d8                . = ALIGN (0x4)

.ARM.extab      0x00000000080056d8        0x0
                0x00000000080056d8                . = ALIGN (0x4)
 *(.ARM.extab* .gnu.linkonce.armextab.*)
                0x00000000080056d8                . = ALIGN (0x4)

.ARM            0x00000000080056d8        0x8
                0x00000000080056d8                . = ALIGN (0x4)
                0x00000000080056d8                __exidx_start = .
 *(.ARM.exidx*)
 .ARM.exidx     0x00000000080056d8        0x8 c:/st/stm32cubeide_1.4.0/stm32cubeide/plugins/com.st.stm32cube.ide.mcu.externaltools.gnu-tools-for-stm32.7-2018-q2-update.win32_1.4.0.202007081208/tools/bin/../lib/gcc/arm-none-eabi/7.3.1/thumb/v7e-m/fpv4-sp/hard\libgcc.a(_udivmoddi4.o)
                0x00000000080056e0                __exidx_end = .
                0x00000000080056e0                . = ALIGN (0x4)

.rel.dyn        0x00000000080056e0        0x0
 .rel.iplt      0x00000000080056e0        0x0 c:/st/stm32cubeide_1.4.0/stm32cubeide/plugins/com.st.stm32cube.ide.mcu.externaltools.gnu-tools-for-stm32.7-2018-q2-update.win32_1.4.0.202007081208/tools/bin/../lib/gcc/arm-none-eabi/7.3.1/thumb/v7e-m/fpv4-sp/hard/crtbegin.o

.preinit_array  0x00000000080056e0        0x0
                0x00000000080056e0                . = ALIGN (0x4)
                0x00000000080056e0                PROVIDE (__preinit_array_start = .)
 *(.preinit_array*)
                0x00000000080056e0                PROVIDE (__preinit_array_end = .)
                0x00000000080056e0                . = ALIGN (0x4)

.init_array     0x00000000080056e0        0x4
                0x00000000080056e0                . = ALIGN (0x4)
                0x00000000080056e0                PROVIDE (__init_array_start = .)
 *(SORT_BY_NAME(.init_array.*))
 *(.init_array*)
 .init_array    0x00000000080056e0        0x4 c:/st/stm32cubeide_1.4.0/stm32cubeide/plugins/com.st.stm32cube.ide.mcu.externaltools.gnu-tools-for-stm32.7-2018-q2-update.win32_1.4.0.202007081208/tools/bin/../lib/gcc/arm-none-eabi/7.3.1/thumb/v7e-m/fpv4-sp/hard/crtbegin.o
                0x00000000080056e4                PROVIDE (__init_array_end = .)
                0x00000000080056e4                . = ALIGN (0x4)

.fini_array     0x00000000080056e4        0x4
                0x00000000080056e4                . = ALIGN (0x4)
                [!provide]                        PROVIDE (__fini_array_start = .)
 *(SORT_BY_NAME(.fini_array.*))
 *(.fini_array*)
 .fini_array    0x00000000080056e4        0x4 c:/st/stm32cubeide_1.4.0/stm32cubeide/plugins/com.st.stm32cube.ide.mcu.externaltools.gnu-tools-for-stm32.7-2018-q2-update.win32_1.4.0.202007081208/tools/bin/../lib/gcc/arm-none-eabi/7.3.1/thumb/v7e-m/fpv4-sp/hard/crtbegin.o
                [!provide]                        PROVIDE (__fini_array_end = .)
                0x00000000080056e8                . = ALIGN (0x4)
                0x00000000080056e8                _sidata = LOADADDR (.data)

.data           0x0000000020000000       0x18 load address 0x00000000080056e8
                0x0000000020000000                . = ALIGN (0x4)
                0x0000000020000000                _sdata = .
 *(.data)
 *(.data*)
 .data.pos      0x0000000020000000        0x4 Core/Src/main.o
                0x0000000020000000                pos
 .data.post     0x0000000020000004        0x4 Core/Src/main.o
                0x0000000020000004                post
 .data.SystemCoreClock
                0x0000000020000008        0x4 Core/Src/system_stm32l4xx.o
                0x0000000020000008                SystemCoreClock
 .data.uwTickPrio
                0x000000002000000c        0x4 Drivers/STM32L4xx_HAL_Driver/Src/stm32l4xx_hal.o
                0x000000002000000c                uwTickPrio
 .data.uwTickFreq
                0x0000000020000010        0x1 Drivers/STM32L4xx_HAL_Driver/Src/stm32l4xx_hal.o
                0x0000000020000010                uwTickFreq
 *fill*         0x0000000020000011        0x3 
 .data.uxCriticalNesting
                0x0000000020000014        0x4 Middlewares/Third_Party/FreeRTOS/Source/portable/GCC/ARM_CM4F/port.o
                0x0000000020000018                . = ALIGN (0x4)
                0x0000000020000018                _edata = .

.igot.plt       0x0000000020000018        0x0 load address 0x0000000008005700
 .igot.plt      0x0000000020000018        0x0 c:/st/stm32cubeide_1.4.0/stm32cubeide/plugins/com.st.stm32cube.ide.mcu.externaltools.gnu-tools-for-stm32.7-2018-q2-update.win32_1.4.0.202007081208/tools/bin/../lib/gcc/arm-none-eabi/7.3.1/thumb/v7e-m/fpv4-sp/hard/crtbegin.o
                0x0000000020000018                . = ALIGN (0x4)

.bss            0x0000000020000018     0x1038 load address 0x0000000008005700
                0x0000000020000018                _sbss = .
                0x0000000020000018                __bss_start__ = _sbss
 *(.bss)
 .bss           0x0000000020000018       0x1c c:/st/stm32cubeide_1.4.0/stm32cubeide/plugins/com.st.stm32cube.ide.mcu.externaltools.gnu-tools-for-stm32.7-2018-q2-update.win32_1.4.0.202007081208/tools/bin/../lib/gcc/arm-none-eabi/7.3.1/thumb/v7e-m/fpv4-sp/hard/crtbegin.o
 *(.bss*)
 .bss.xIdleTaskTCBBuffer
                0x0000000020000034       0x54 Core/Src/freertos.o
 .bss.xIdleStack
                0x0000000020000088      0x200 Core/Src/freertos.o
 .bss.i         0x0000000020000288        0x4 Core/Src/main.o
                0x0000000020000288                i
 .bss.pxCurrentTCB
                0x000000002000028c        0x4 Middlewares/Third_Party/FreeRTOS/Source/tasks.o
                0x000000002000028c                pxCurrentTCB
 .bss.pxReadyTasksLists
                0x0000000020000290       0x8c Middlewares/Third_Party/FreeRTOS/Source/tasks.o
 .bss.xDelayedTaskList1
                0x000000002000031c       0x14 Middlewares/Third_Party/FreeRTOS/Source/tasks.o
 .bss.xDelayedTaskList2
                0x0000000020000330       0x14 Middlewares/Third_Party/FreeRTOS/Source/tasks.o
 .bss.pxDelayedTaskList
                0x0000000020000344        0x4 Middlewares/Third_Party/FreeRTOS/Source/tasks.o
 .bss.pxOverflowDelayedTaskList
                0x0000000020000348        0x4 Middlewares/Third_Party/FreeRTOS/Source/tasks.o
 .bss.xPendingReadyList
                0x000000002000034c       0x14 Middlewares/Third_Party/FreeRTOS/Source/tasks.o
 .bss.xTasksWaitingTermination
                0x0000000020000360       0x14 Middlewares/Third_Party/FreeRTOS/Source/tasks.o
 .bss.uxDeletedTasksWaitingCleanUp
                0x0000000020000374        0x4 Middlewares/Third_Party/FreeRTOS/Source/tasks.o
 .bss.xSuspendedTaskList
                0x0000000020000378       0x14 Middlewares/Third_Party/FreeRTOS/Source/tasks.o
 .bss.uxCurrentNumberOfTasks
                0x000000002000038c        0x4 Middlewares/Third_Party/FreeRTOS/Source/tasks.o
 .bss.xTickCount
                0x0000000020000390        0x4 Middlewares/Third_Party/FreeRTOS/Source/tasks.o
 .bss.uxTopReadyPriority
                0x0000000020000394        0x4 Middlewares/Third_Party/FreeRTOS/Source/tasks.o
 .bss.xSchedulerRunning
                0x0000000020000398        0x4 Middlewares/Third_Party/FreeRTOS/Source/tasks.o
 .bss.uxPendedTicks
                0x000000002000039c        0x4 Middlewares/Third_Party/FreeRTOS/Source/tasks.o
 .bss.xYieldPending
                0x00000000200003a0        0x4 Middlewares/Third_Party/FreeRTOS/Source/tasks.o
 .bss.xNumOfOverflows
                0x00000000200003a4        0x4 Middlewares/Third_Party/FreeRTOS/Source/tasks.o
 .bss.uxTaskNumber
                0x00000000200003a8        0x4 Middlewares/Third_Party/FreeRTOS/Source/tasks.o
 .bss.xNextTaskUnblockTime
                0x00000000200003ac        0x4 Middlewares/Third_Party/FreeRTOS/Source/tasks.o
 .bss.xIdleTaskHandle
                0x00000000200003b0        0x4 Middlewares/Third_Party/FreeRTOS/Source/tasks.o
 .bss.uxSchedulerSuspended
                0x00000000200003b4        0x4 Middlewares/Third_Party/FreeRTOS/Source/tasks.o
 .bss.ucMaxSysCallPriority
                0x00000000200003b8        0x1 Middlewares/Third_Party/FreeRTOS/Source/portable/GCC/ARM_CM4F/port.o
 *fill*         0x00000000200003b9        0x3 
 .bss.ulMaxPRIGROUPValue
                0x00000000200003bc        0x4 Middlewares/Third_Party/FreeRTOS/Source/portable/GCC/ARM_CM4F/port.o
 .bss.ucHeap    0x00000000200003c0      0xbb8 Middlewares/Third_Party/FreeRTOS/Source/portable/MemMang/heap_4.o
 .bss.xStart    0x0000000020000f78        0x8 Middlewares/Third_Party/FreeRTOS/Source/portable/MemMang/heap_4.o
 .bss.pxEnd     0x0000000020000f80        0x4 Middlewares/Third_Party/FreeRTOS/Source/portable/MemMang/heap_4.o
 .bss.xFreeBytesRemaining
                0x0000000020000f84        0x4 Middlewares/Third_Party/FreeRTOS/Source/portable/MemMang/heap_4.o
 .bss.xMinimumEverFreeBytesRemaining
                0x0000000020000f88        0x4 Middlewares/Third_Party/FreeRTOS/Source/portable/MemMang/heap_4.o
 .bss.xBlockAllocatedBit
                0x0000000020000f8c        0x4 Middlewares/Third_Party/FreeRTOS/Source/portable/MemMang/heap_4.o
 *(COMMON)
 COMMON         0x0000000020000f90       0xb9 Core/Src/main.o
                0x0000000020000f90                defaultTaskHandle
                0x0000000020000f94                current_state
                0x0000000020000f95                a9
                0x0000000020000f96                a8
                0x0000000020000f97                input
                0x0000000020000f98                a1
                0x0000000020000f99                a3
                0x0000000020000f9a                bb
                0x0000000020000f9b                a7
                0x0000000020000f9c                a5
                0x0000000020000f9d                a2
                0x0000000020000fa0                claveHandle
                0x0000000020000fa4                bd
                0x0000000020000fa5                ba
                0x0000000020000fa8                contra
                0x0000000020000fb3                bc
                0x0000000020000fb4                huart2
                0x0000000020001034                str
                0x000000002000103f                a0
                0x0000000020001040                a6
                0x0000000020001044                imprimirHandle
                0x0000000020001048                a4
 *fill*         0x0000000020001049        0x3 
 COMMON         0x000000002000104c        0x4 Drivers/STM32L4xx_HAL_Driver/Src/stm32l4xx_hal.o
                0x000000002000104c                uwTick
                0x0000000020001050                . = ALIGN (0x4)
                0x0000000020001050                _ebss = .
                0x0000000020001050                __bss_end__ = _ebss

._user_heap_stack
                0x0000000020001050      0x600 load address 0x0000000008005700
                0x0000000020001050                . = ALIGN (0x8)
                [!provide]                        PROVIDE (end = .)
                0x0000000020001050                PROVIDE (_end = .)
                0x0000000020001250                . = (. + _Min_Heap_Size)
 *fill*         0x0000000020001050      0x200 
                0x0000000020001650                . = (. + _Min_Stack_Size)
 *fill*         0x0000000020001250      0x400 
                0x0000000020001650                . = ALIGN (0x8)

/DISCARD/
 libc.a(*)
 libm.a(*)
 libgcc.a(*)

.ARM.attributes
                0x0000000000000000       0x30
 *(.ARM.attributes)
 .ARM.attributes
                0x0000000000000000       0x22 c:/st/stm32cubeide_1.4.0/stm32cubeide/plugins/com.st.stm32cube.ide.mcu.externaltools.gnu-tools-for-stm32.7-2018-q2-update.win32_1.4.0.202007081208/tools/bin/../lib/gcc/arm-none-eabi/7.3.1/thumb/v7e-m/fpv4-sp/hard/crti.o
 .ARM.attributes
                0x0000000000000022       0x34 c:/st/stm32cubeide_1.4.0/stm32cubeide/plugins/com.st.stm32cube.ide.mcu.externaltools.gnu-tools-for-stm32.7-2018-q2-update.win32_1.4.0.202007081208/tools/bin/../lib/gcc/arm-none-eabi/7.3.1/thumb/v7e-m/fpv4-sp/hard/crtbegin.o
 .ARM.attributes
                0x0000000000000056       0x39 Core/Src/freertos.o
 .ARM.attributes
                0x000000000000008f       0x39 Core/Src/lcd.o
 .ARM.attributes
                0x00000000000000c8       0x39 Core/Src/main.o
 .ARM.attributes
                0x0000000000000101       0x39 Core/Src/stm32l4xx_hal_msp.o
 .ARM.attributes
                0x000000000000013a       0x39 Core/Src/stm32l4xx_it.o
 .ARM.attributes
                0x0000000000000173       0x39 Core/Src/system_stm32l4xx.o
 .ARM.attributes
                0x00000000000001ac       0x21 Core/Startup/startup_stm32l476rgtx.o
 .ARM.attributes
                0x00000000000001cd       0x39 Drivers/STM32L4xx_HAL_Driver/Src/stm32l4xx_hal.o
 .ARM.attributes
                0x0000000000000206       0x39 Drivers/STM32L4xx_HAL_Driver/Src/stm32l4xx_hal_cortex.o
 .ARM.attributes
                0x000000000000023f       0x39 Drivers/STM32L4xx_HAL_Driver/Src/stm32l4xx_hal_gpio.o
 .ARM.attributes
                0x0000000000000278       0x39 Drivers/STM32L4xx_HAL_Driver/Src/stm32l4xx_hal_pwr_ex.o
 .ARM.attributes
                0x00000000000002b1       0x39 Drivers/STM32L4xx_HAL_Driver/Src/stm32l4xx_hal_rcc.o
 .ARM.attributes
                0x00000000000002ea       0x39 Drivers/STM32L4xx_HAL_Driver/Src/stm32l4xx_hal_rcc_ex.o
 .ARM.attributes
                0x0000000000000323       0x39 Drivers/STM32L4xx_HAL_Driver/Src/stm32l4xx_hal_uart.o
 .ARM.attributes
                0x000000000000035c       0x39 Middlewares/Third_Party/FreeRTOS/Source/CMSIS_RTOS/cmsis_os.o
 .ARM.attributes
                0x0000000000000395       0x39 Middlewares/Third_Party/FreeRTOS/Source/list.o
 .ARM.attributes
                0x00000000000003ce       0x39 Middlewares/Third_Party/FreeRTOS/Source/tasks.o
 .ARM.attributes
                0x0000000000000407       0x39 Middlewares/Third_Party/FreeRTOS/Source/portable/GCC/ARM_CM4F/port.o
 .ARM.attributes
                0x0000000000000440       0x39 Middlewares/Third_Party/FreeRTOS/Source/portable/MemMang/heap_4.o
 .ARM.attributes
                0x0000000000000479       0x34 c:/st/stm32cubeide_1.4.0/stm32cubeide/plugins/com.st.stm32cube.ide.mcu.externaltools.gnu-tools-for-stm32.7-2018-q2-update.win32_1.4.0.202007081208/tools/bin/../lib/gcc/arm-none-eabi/7.3.1/../../../../arm-none-eabi/lib/thumb/v7e-m/fpv4-sp/hard\libc_nano.a(lib_a-init.o)
 .ARM.attributes
                0x00000000000004ad       0x34 c:/st/stm32cubeide_1.4.0/stm32cubeide/plugins/com.st.stm32cube.ide.mcu.externaltools.gnu-tools-for-stm32.7-2018-q2-update.win32_1.4.0.202007081208/tools/bin/../lib/gcc/arm-none-eabi/7.3.1/../../../../arm-none-eabi/lib/thumb/v7e-m/fpv4-sp/hard\libc_nano.a(lib_a-memset.o)
 .ARM.attributes
                0x00000000000004e1       0x34 c:/st/stm32cubeide_1.4.0/stm32cubeide/plugins/com.st.stm32cube.ide.mcu.externaltools.gnu-tools-for-stm32.7-2018-q2-update.win32_1.4.0.202007081208/tools/bin/../lib/gcc/arm-none-eabi/7.3.1/../../../../arm-none-eabi/lib/thumb/v7e-m/fpv4-sp/hard\libc_nano.a(lib_a-strcat.o)
 .ARM.attributes
                0x0000000000000515       0x34 c:/st/stm32cubeide_1.4.0/stm32cubeide/plugins/com.st.stm32cube.ide.mcu.externaltools.gnu-tools-for-stm32.7-2018-q2-update.win32_1.4.0.202007081208/tools/bin/../lib/gcc/arm-none-eabi/7.3.1/../../../../arm-none-eabi/lib/thumb/v7e-m/fpv4-sp/hard\libc_nano.a(lib_a-strcpy.o)
 .ARM.attributes
                0x0000000000000549       0x1b c:/st/stm32cubeide_1.4.0/stm32cubeide/plugins/com.st.stm32cube.ide.mcu.externaltools.gnu-tools-for-stm32.7-2018-q2-update.win32_1.4.0.202007081208/tools/bin/../lib/gcc/arm-none-eabi/7.3.1/../../../../arm-none-eabi/lib/thumb/v7e-m/fpv4-sp/hard\libc_nano.a(lib_a-strlen.o)
 .ARM.attributes
                0x0000000000000564       0x22 c:/st/stm32cubeide_1.4.0/stm32cubeide/plugins/com.st.stm32cube.ide.mcu.externaltools.gnu-tools-for-stm32.7-2018-q2-update.win32_1.4.0.202007081208/tools/bin/../lib/gcc/arm-none-eabi/7.3.1/thumb/v7e-m/fpv4-sp/hard\libgcc.a(_aeabi_uldivmod.o)
 .ARM.attributes
                0x0000000000000586       0x34 c:/st/stm32cubeide_1.4.0/stm32cubeide/plugins/com.st.stm32cube.ide.mcu.externaltools.gnu-tools-for-stm32.7-2018-q2-update.win32_1.4.0.202007081208/tools/bin/../lib/gcc/arm-none-eabi/7.3.1/thumb/v7e-m/fpv4-sp/hard\libgcc.a(_udivmoddi4.o)
 .ARM.attributes
                0x00000000000005ba       0x22 c:/st/stm32cubeide_1.4.0/stm32cubeide/plugins/com.st.stm32cube.ide.mcu.externaltools.gnu-tools-for-stm32.7-2018-q2-update.win32_1.4.0.202007081208/tools/bin/../lib/gcc/arm-none-eabi/7.3.1/thumb/v7e-m/fpv4-sp/hard\libgcc.a(_dvmd_tls.o)
 .ARM.attributes
                0x00000000000005dc       0x22 c:/st/stm32cubeide_1.4.0/stm32cubeide/plugins/com.st.stm32cube.ide.mcu.externaltools.gnu-tools-for-stm32.7-2018-q2-update.win32_1.4.0.202007081208/tools/bin/../lib/gcc/arm-none-eabi/7.3.1/thumb/v7e-m/fpv4-sp/hard/crtn.o
OUTPUT(TECLADO_Y_LCD.elf elf32-littlearm)

.debug_info     0x0000000000000000    0x10daf
 .debug_info    0x0000000000000000      0x483 Core/Src/freertos.o
 .debug_info    0x0000000000000483      0xf33 Core/Src/lcd.o
 .debug_info    0x00000000000013b6     0x1ea7 Core/Src/main.o
 .debug_info    0x000000000000325d      0xba2 Core/Src/stm32l4xx_hal_msp.o
 .debug_info    0x0000000000003dff      0x339 Core/Src/stm32l4xx_it.o
 .debug_info    0x0000000000004138      0x727 Core/Src/system_stm32l4xx.o
 .debug_info    0x000000000000485f       0x22 Core/Startup/startup_stm32l476rgtx.o
 .debug_info    0x0000000000004881      0xd2e Drivers/STM32L4xx_HAL_Driver/Src/stm32l4xx_hal.o
 .debug_info    0x00000000000055af      0xf6d Drivers/STM32L4xx_HAL_Driver/Src/stm32l4xx_hal_cortex.o
 .debug_info    0x000000000000651c      0x9c2 Drivers/STM32L4xx_HAL_Driver/Src/stm32l4xx_hal_gpio.o
 .debug_info    0x0000000000006ede      0xb35 Drivers/STM32L4xx_HAL_Driver/Src/stm32l4xx_hal_pwr_ex.o
 .debug_info    0x0000000000007a13      0xd2f Drivers/STM32L4xx_HAL_Driver/Src/stm32l4xx_hal_rcc.o
 .debug_info    0x0000000000008742      0xf41 Drivers/STM32L4xx_HAL_Driver/Src/stm32l4xx_hal_rcc_ex.o
 .debug_info    0x0000000000009683     0x1830 Drivers/STM32L4xx_HAL_Driver/Src/stm32l4xx_hal_uart.o
 .debug_info    0x000000000000aeb3     0x1e80 Middlewares/Third_Party/FreeRTOS/Source/CMSIS_RTOS/cmsis_os.o
 .debug_info    0x000000000000cd33      0xacb Middlewares/Third_Party/FreeRTOS/Source/list.o
 .debug_info    0x000000000000d7fe     0x2494 Middlewares/Third_Party/FreeRTOS/Source/tasks.o
 .debug_info    0x000000000000fc92      0x533 Middlewares/Third_Party/FreeRTOS/Source/portable/GCC/ARM_CM4F/port.o
 .debug_info    0x00000000000101c5      0xbea Middlewares/Third_Party/FreeRTOS/Source/portable/MemMang/heap_4.o

.debug_abbrev   0x0000000000000000     0x2687
 .debug_abbrev  0x0000000000000000      0x125 Core/Src/freertos.o
 .debug_abbrev  0x0000000000000125      0x22d Core/Src/lcd.o
 .debug_abbrev  0x0000000000000352      0x328 Core/Src/main.o
 .debug_abbrev  0x000000000000067a      0x18c Core/Src/stm32l4xx_hal_msp.o
 .debug_abbrev  0x0000000000000806       0xe2 Core/Src/stm32l4xx_it.o
 .debug_abbrev  0x00000000000008e8      0x150 Core/Src/system_stm32l4xx.o
 .debug_abbrev  0x0000000000000a38       0x12 Core/Startup/startup_stm32l476rgtx.o
 .debug_abbrev  0x0000000000000a4a      0x1fb Drivers/STM32L4xx_HAL_Driver/Src/stm32l4xx_hal.o
 .debug_abbrev  0x0000000000000c45      0x2fa Drivers/STM32L4xx_HAL_Driver/Src/stm32l4xx_hal_cortex.o
 .debug_abbrev  0x0000000000000f3f      0x1c0 Drivers/STM32L4xx_HAL_Driver/Src/stm32l4xx_hal_gpio.o
 .debug_abbrev  0x00000000000010ff      0x1cb Drivers/STM32L4xx_HAL_Driver/Src/stm32l4xx_hal_pwr_ex.o
 .debug_abbrev  0x00000000000012ca      0x245 Drivers/STM32L4xx_HAL_Driver/Src/stm32l4xx_hal_rcc.o
 .debug_abbrev  0x000000000000150f      0x238 Drivers/STM32L4xx_HAL_Driver/Src/stm32l4xx_hal_rcc_ex.o
 .debug_abbrev  0x0000000000001747      0x205 Drivers/STM32L4xx_HAL_Driver/Src/stm32l4xx_hal_uart.o
 .debug_abbrev  0x000000000000194c      0x386 Middlewares/Third_Party/FreeRTOS/Source/CMSIS_RTOS/cmsis_os.o
 .debug_abbrev  0x0000000000001cd2      0x1cf Middlewares/Third_Party/FreeRTOS/Source/list.o
 .debug_abbrev  0x0000000000001ea1      0x338 Middlewares/Third_Party/FreeRTOS/Source/tasks.o
 .debug_abbrev  0x00000000000021d9      0x210 Middlewares/Third_Party/FreeRTOS/Source/portable/GCC/ARM_CM4F/port.o
 .debug_abbrev  0x00000000000023e9      0x29e Middlewares/Third_Party/FreeRTOS/Source/portable/MemMang/heap_4.o

.debug_aranges  0x0000000000000000      0xdc0
 .debug_aranges
                0x0000000000000000       0x20 Core/Src/freertos.o
 .debug_aranges
                0x0000000000000020       0x68 Core/Src/lcd.o
 .debug_aranges
                0x0000000000000088       0x90 Core/Src/main.o
 .debug_aranges
                0x0000000000000118       0x30 Core/Src/stm32l4xx_hal_msp.o
 .debug_aranges
                0x0000000000000148       0x50 Core/Src/stm32l4xx_it.o
 .debug_aranges
                0x0000000000000198       0x28 Core/Src/system_stm32l4xx.o
 .debug_aranges
                0x00000000000001c0       0x28 Core/Startup/startup_stm32l476rgtx.o
 .debug_aranges
                0x00000000000001e8      0x130 Drivers/STM32L4xx_HAL_Driver/Src/stm32l4xx_hal.o
 .debug_aranges
                0x0000000000000318      0x118 Drivers/STM32L4xx_HAL_Driver/Src/stm32l4xx_hal_cortex.o
 .debug_aranges
                0x0000000000000430       0x58 Drivers/STM32L4xx_HAL_Driver/Src/stm32l4xx_hal_gpio.o
 .debug_aranges
                0x0000000000000488      0x150 Drivers/STM32L4xx_HAL_Driver/Src/stm32l4xx_hal_pwr_ex.o
 .debug_aranges
                0x00000000000005d8       0x88 Drivers/STM32L4xx_HAL_Driver/Src/stm32l4xx_hal_rcc.o
 .debug_aranges
                0x0000000000000660       0xc0 Drivers/STM32L4xx_HAL_Driver/Src/stm32l4xx_hal_rcc_ex.o
 .debug_aranges
                0x0000000000000720      0x210 Drivers/STM32L4xx_HAL_Driver/Src/stm32l4xx_hal_uart.o
 .debug_aranges
                0x0000000000000930      0x1d8 Middlewares/Third_Party/FreeRTOS/Source/CMSIS_RTOS/cmsis_os.o
 .debug_aranges
                0x0000000000000b08       0x40 Middlewares/Third_Party/FreeRTOS/Source/list.o
 .debug_aranges
                0x0000000000000b48      0x1a8 Middlewares/Third_Party/FreeRTOS/Source/tasks.o
 .debug_aranges
                0x0000000000000cf0       0x80 Middlewares/Third_Party/FreeRTOS/Source/portable/GCC/ARM_CM4F/port.o
 .debug_aranges
                0x0000000000000d70       0x50 Middlewares/Third_Party/FreeRTOS/Source/portable/MemMang/heap_4.o

.debug_ranges   0x0000000000000000      0xc98
 .debug_ranges  0x0000000000000000       0x10 Core/Src/freertos.o
 .debug_ranges  0x0000000000000010       0x58 Core/Src/lcd.o
 .debug_ranges  0x0000000000000068       0x80 Core/Src/main.o
 .debug_ranges  0x00000000000000e8       0x20 Core/Src/stm32l4xx_hal_msp.o
 .debug_ranges  0x0000000000000108       0x40 Core/Src/stm32l4xx_it.o
 .debug_ranges  0x0000000000000148       0x18 Core/Src/system_stm32l4xx.o
 .debug_ranges  0x0000000000000160       0x20 Core/Startup/startup_stm32l476rgtx.o
 .debug_ranges  0x0000000000000180      0x120 Drivers/STM32L4xx_HAL_Driver/Src/stm32l4xx_hal.o
 .debug_ranges  0x00000000000002a0      0x108 Drivers/STM32L4xx_HAL_Driver/Src/stm32l4xx_hal_cortex.o
 .debug_ranges  0x00000000000003a8       0x48 Drivers/STM32L4xx_HAL_Driver/Src/stm32l4xx_hal_gpio.o
 .debug_ranges  0x00000000000003f0      0x140 Drivers/STM32L4xx_HAL_Driver/Src/stm32l4xx_hal_pwr_ex.o
 .debug_ranges  0x0000000000000530       0x78 Drivers/STM32L4xx_HAL_Driver/Src/stm32l4xx_hal_rcc.o
 .debug_ranges  0x00000000000005a8       0xb0 Drivers/STM32L4xx_HAL_Driver/Src/stm32l4xx_hal_rcc_ex.o
 .debug_ranges  0x0000000000000658      0x200 Drivers/STM32L4xx_HAL_Driver/Src/stm32l4xx_hal_uart.o
 .debug_ranges  0x0000000000000858      0x1c8 Middlewares/Third_Party/FreeRTOS/Source/CMSIS_RTOS/cmsis_os.o
 .debug_ranges  0x0000000000000a20       0x30 Middlewares/Third_Party/FreeRTOS/Source/list.o
 .debug_ranges  0x0000000000000a50      0x198 Middlewares/Third_Party/FreeRTOS/Source/tasks.o
 .debug_ranges  0x0000000000000be8       0x70 Middlewares/Third_Party/FreeRTOS/Source/portable/GCC/ARM_CM4F/port.o
 .debug_ranges  0x0000000000000c58       0x40 Middlewares/Third_Party/FreeRTOS/Source/portable/MemMang/heap_4.o

.debug_macro    0x0000000000000000    0x27aa1
 .debug_macro   0x0000000000000000      0x23c Core/Src/freertos.o
 .debug_macro   0x000000000000023c      0xa5a Core/Src/freertos.o
 .debug_macro   0x0000000000000c96      0x174 Core/Src/freertos.o
 .debug_macro   0x0000000000000e0a       0x22 Core/Src/freertos.o
 .debug_macro   0x0000000000000e2c       0x8e Core/Src/freertos.o
 .debug_macro   0x0000000000000eba       0x51 Core/Src/freertos.o
 .debug_macro   0x0000000000000f0b       0xef Core/Src/freertos.o
 .debug_macro   0x0000000000000ffa       0x6a Core/Src/freertos.o
 .debug_macro   0x0000000000001064      0x1df Core/Src/freertos.o
 .debug_macro   0x0000000000001243       0xe4 Core/Src/freertos.o
 .debug_macro   0x0000000000001327      0x15a Core/Src/freertos.o
 .debug_macro   0x0000000000001481       0xde Core/Src/freertos.o
 .debug_macro   0x000000000000155f       0x1c Core/Src/freertos.o
 .debug_macro   0x000000000000157b       0x26 Core/Src/freertos.o
 .debug_macro   0x00000000000015a1      0x4e8 Core/Src/freertos.o
 .debug_macro   0x0000000000001a89       0xb5 Core/Src/freertos.o
 .debug_macro   0x0000000000001b3e       0xaa Core/Src/freertos.o
 .debug_macro   0x0000000000001be8      0x1a7 Core/Src/freertos.o
 .debug_macro   0x0000000000001d8f       0x2e Core/Src/freertos.o
 .debug_macro   0x0000000000001dbd       0x28 Core/Src/freertos.o
 .debug_macro   0x0000000000001de5       0x1c Core/Src/freertos.o
 .debug_macro   0x0000000000001e01       0x22 Core/Src/freertos.o
 .debug_macro   0x0000000000001e23      0x101 Core/Src/freertos.o
 .debug_macro   0x0000000000001f24     0x1011 Core/Src/freertos.o
 .debug_macro   0x0000000000002f35      0x11f Core/Src/freertos.o
 .debug_macro   0x0000000000003054    0x1a13d Core/Src/freertos.o
 .debug_macro   0x000000000001d191       0x43 Core/Src/freertos.o
 .debug_macro   0x000000000001d1d4     0x3890 Core/Src/freertos.o
 .debug_macro   0x0000000000020a64       0x5c Core/Src/freertos.o
 .debug_macro   0x0000000000020ac0     0x155f Core/Src/freertos.o
 .debug_macro   0x000000000002201f      0x59e Core/Src/freertos.o
 .debug_macro   0x00000000000225bd      0x13d Core/Src/freertos.o
 .debug_macro   0x00000000000226fa      0x18b Core/Src/freertos.o
 .debug_macro   0x0000000000022885      0x26b Core/Src/freertos.o
 .debug_macro   0x0000000000022af0      0x23d Core/Src/freertos.o
 .debug_macro   0x0000000000022d2d      0x241 Core/Src/freertos.o
 .debug_macro   0x0000000000022f6e      0x37c Core/Src/freertos.o
 .debug_macro   0x00000000000232ea       0xd6 Core/Src/freertos.o
 .debug_macro   0x00000000000233c0      0x22c Core/Src/freertos.o
 .debug_macro   0x00000000000235ec       0x61 Core/Src/freertos.o
 .debug_macro   0x000000000002364d       0xa5 Core/Src/freertos.o
 .debug_macro   0x00000000000236f2      0x122 Core/Src/freertos.o
 .debug_macro   0x0000000000023814      0x3e9 Core/Src/freertos.o
 .debug_macro   0x0000000000023bfd      0x59e Core/Src/freertos.o
 .debug_macro   0x000000000002419b       0x44 Core/Src/freertos.o
 .debug_macro   0x00000000000241df      0x331 Core/Src/freertos.o
 .debug_macro   0x0000000000024510      0x118 Core/Src/freertos.o
 .debug_macro   0x0000000000024628      0x369 Core/Src/lcd.o
 .debug_macro   0x0000000000024991       0x46 Core/Src/lcd.o
 .debug_macro   0x00000000000249d7       0x18 Core/Src/lcd.o
 .debug_macro   0x00000000000249ef       0x3c Core/Src/lcd.o
 .debug_macro   0x0000000000024a2b       0x34 Core/Src/lcd.o
 .debug_macro   0x0000000000024a5f       0x52 Core/Src/lcd.o
 .debug_macro   0x0000000000024ab1       0x1f Core/Src/lcd.o
 .debug_macro   0x0000000000024ad0       0x43 Core/Src/lcd.o
 .debug_macro   0x0000000000024b13       0x20 Core/Src/lcd.o
 .debug_macro   0x0000000000024b33      0x1a3 Core/Src/lcd.o
 .debug_macro   0x0000000000024cd6      0x32a Core/Src/lcd.o
 .debug_macro   0x0000000000025000       0x10 Core/Src/lcd.o
 .debug_macro   0x0000000000025010       0x35 Core/Src/lcd.o
 .debug_macro   0x0000000000025045       0x20 Core/Src/lcd.o
 .debug_macro   0x0000000000025065       0x1c Core/Src/lcd.o
 .debug_macro   0x0000000000025081       0x10 Core/Src/lcd.o
 .debug_macro   0x0000000000025091       0x10 Core/Src/lcd.o
 .debug_macro   0x00000000000250a1       0x1c Core/Src/lcd.o
 .debug_macro   0x00000000000250bd       0x52 Core/Src/lcd.o
 .debug_macro   0x000000000002510f       0x40 Core/Src/lcd.o
 .debug_macro   0x000000000002514f       0x10 Core/Src/lcd.o
 .debug_macro   0x000000000002515f       0x40 Core/Src/lcd.o
 .debug_macro   0x000000000002519f       0xd7 Core/Src/lcd.o
 .debug_macro   0x0000000000025276       0x1c Core/Src/lcd.o
 .debug_macro   0x0000000000025292       0x3d Core/Src/lcd.o
 .debug_macro   0x00000000000252cf       0x16 Core/Src/lcd.o
 .debug_macro   0x00000000000252e5      0x145 Core/Src/lcd.o
 .debug_macro   0x000000000002542a       0xa0 Core/Src/lcd.o
 .debug_macro   0x00000000000254ca      0x454 Core/Src/main.o
 .debug_macro   0x000000000002591e       0xe4 Core/Src/main.o
 .debug_macro   0x0000000000025a02       0x91 Core/Src/main.o
 .debug_macro   0x0000000000025a93       0x8d Core/Src/main.o
 .debug_macro   0x0000000000025b20       0x7e Core/Src/main.o
 .debug_macro   0x0000000000025b9e       0x19 Core/Src/main.o
 .debug_macro   0x0000000000025bb7       0xf2 Core/Src/main.o
 .debug_macro   0x0000000000025ca9       0x16 Core/Src/main.o
 .debug_macro   0x0000000000025cbf       0x16 Core/Src/main.o
 .debug_macro   0x0000000000025cd5       0x29 Core/Src/main.o
 .debug_macro   0x0000000000025cfe      0x1d4 Core/Src/stm32l4xx_hal_msp.o
 .debug_macro   0x0000000000025ed2      0x246 Core/Src/stm32l4xx_it.o
 .debug_macro   0x0000000000026118      0x1cb Core/Src/system_stm32l4xx.o
 .debug_macro   0x00000000000262e3      0x213 Drivers/STM32L4xx_HAL_Driver/Src/stm32l4xx_hal.o
 .debug_macro   0x00000000000264f6      0x1c5 Drivers/STM32L4xx_HAL_Driver/Src/stm32l4xx_hal_cortex.o
 .debug_macro   0x00000000000266bb      0x204 Drivers/STM32L4xx_HAL_Driver/Src/stm32l4xx_hal_gpio.o
 .debug_macro   0x00000000000268bf      0x1e9 Drivers/STM32L4xx_HAL_Driver/Src/stm32l4xx_hal_pwr_ex.o
 .debug_macro   0x0000000000026aa8      0x207 Drivers/STM32L4xx_HAL_Driver/Src/stm32l4xx_hal_rcc.o
 .debug_macro   0x0000000000026caf      0x1fb Drivers/STM32L4xx_HAL_Driver/Src/stm32l4xx_hal_rcc_ex.o
 .debug_macro   0x0000000000026eaa      0x1f0 Drivers/STM32L4xx_HAL_Driver/Src/stm32l4xx_hal_uart.o
 .debug_macro   0x000000000002709a      0x1f1 Middlewares/Third_Party/FreeRTOS/Source/CMSIS_RTOS/cmsis_os.o
 .debug_macro   0x000000000002728b       0xe9 Middlewares/Third_Party/FreeRTOS/Source/CMSIS_RTOS/cmsis_os.o
 .debug_macro   0x0000000000027374      0x17a Middlewares/Third_Party/FreeRTOS/Source/list.o
 .debug_macro   0x00000000000274ee      0x26c Middlewares/Third_Party/FreeRTOS/Source/tasks.o
 .debug_macro   0x000000000002775a       0x10 Middlewares/Third_Party/FreeRTOS/Source/tasks.o
 .debug_macro   0x000000000002776a      0x196 Middlewares/Third_Party/FreeRTOS/Source/portable/GCC/ARM_CM4F/port.o
 .debug_macro   0x0000000000027900      0x1a1 Middlewares/Third_Party/FreeRTOS/Source/portable/MemMang/heap_4.o

.debug_line     0x0000000000000000     0xb730
 .debug_line    0x0000000000000000      0x7bc Core/Src/freertos.o
 .debug_line    0x00000000000007bc      0x9b5 Core/Src/lcd.o
 .debug_line    0x0000000000001171      0xdbd Core/Src/main.o
 .debug_line    0x0000000000001f2e      0x6f1 Core/Src/stm32l4xx_hal_msp.o
 .debug_line    0x000000000000261f      0x849 Core/Src/stm32l4xx_it.o
 .debug_line    0x0000000000002e68      0x6ed Core/Src/system_stm32l4xx.o
 .debug_line    0x0000000000003555       0x87 Core/Startup/startup_stm32l476rgtx.o
 .debug_line    0x00000000000035dc      0x964 Drivers/STM32L4xx_HAL_Driver/Src/stm32l4xx_hal.o
 .debug_line    0x0000000000003f40      0x9eb Drivers/STM32L4xx_HAL_Driver/Src/stm32l4xx_hal_cortex.o
 .debug_line    0x000000000000492b      0x87e Drivers/STM32L4xx_HAL_Driver/Src/stm32l4xx_hal_gpio.o
 .debug_line    0x00000000000051a9      0xa77 Drivers/STM32L4xx_HAL_Driver/Src/stm32l4xx_hal_pwr_ex.o
 .debug_line    0x0000000000005c20      0x9da Drivers/STM32L4xx_HAL_Driver/Src/stm32l4xx_hal_rcc.o
 .debug_line    0x00000000000065fa      0xc70 Drivers/STM32L4xx_HAL_Driver/Src/stm32l4xx_hal_rcc_ex.o
 .debug_line    0x000000000000726a     0x1272 Drivers/STM32L4xx_HAL_Driver/Src/stm32l4xx_hal_uart.o
 .debug_line    0x00000000000084dc      0xcc0 Middlewares/Third_Party/FreeRTOS/Source/CMSIS_RTOS/cmsis_os.o
 .debug_line    0x000000000000919c      0x66c Middlewares/Third_Party/FreeRTOS/Source/list.o
 .debug_line    0x0000000000009808     0x1133 Middlewares/Third_Party/FreeRTOS/Source/tasks.o
 .debug_line    0x000000000000a93b      0x6a3 Middlewares/Third_Party/FreeRTOS/Source/portable/GCC/ARM_CM4F/port.o
 .debug_line    0x000000000000afde      0x752 Middlewares/Third_Party/FreeRTOS/Source/portable/MemMang/heap_4.o

.debug_str      0x0000000000000000    0xf1e2d
 .debug_str     0x0000000000000000    0xe5ffd Core/Src/freertos.o
                                      0xe62ef (size before relaxing)
 .debug_str     0x00000000000e5ffd     0x43c7 Core/Src/lcd.o
                                      0xe68e5 (size before relaxing)
 .debug_str     0x00000000000ea3c4     0x2dfc Core/Src/main.o
                                      0xed49f (size before relaxing)
 .debug_str     0x00000000000ed1c0       0x56 Core/Src/stm32l4xx_hal_msp.o
                                      0xe2a1e (size before relaxing)
 .debug_str     0x00000000000ed216       0xa2 Core/Src/stm32l4xx_it.o
                                      0xe623f (size before relaxing)
 .debug_str     0x00000000000ed2b8       0xcd Core/Src/system_stm32l4xx.o
                                      0xe2306 (size before relaxing)
 .debug_str     0x00000000000ed385       0x36 Core/Startup/startup_stm32l476rgtx.o
                                         0x9d (size before relaxing)
 .debug_str     0x00000000000ed3bb      0xa66 Drivers/STM32L4xx_HAL_Driver/Src/stm32l4xx_hal.o
                                      0xe2e56 (size before relaxing)
 .debug_str     0x00000000000ede21      0x380 Drivers/STM32L4xx_HAL_Driver/Src/stm32l4xx_hal_cortex.o
                                      0xe2b5a (size before relaxing)
 .debug_str     0x00000000000ee1a1      0x236 Drivers/STM32L4xx_HAL_Driver/Src/stm32l4xx_hal_gpio.o
                                      0xe2585 (size before relaxing)
 .debug_str     0x00000000000ee3d7      0x4b4 Drivers/STM32L4xx_HAL_Driver/Src/stm32l4xx_hal_pwr_ex.o
                                      0xe2821 (size before relaxing)
 .debug_str     0x00000000000ee88b      0x34e Drivers/STM32L4xx_HAL_Driver/Src/stm32l4xx_hal_rcc.o
                                      0xe28c8 (size before relaxing)
 .debug_str     0x00000000000eebd9      0x3a6 Drivers/STM32L4xx_HAL_Driver/Src/stm32l4xx_hal_rcc_ex.o
                                      0xe2a59 (size before relaxing)
 .debug_str     0x00000000000eef7f      0x851 Drivers/STM32L4xx_HAL_Driver/Src/stm32l4xx_hal_uart.o
                                      0xe2ebd (size before relaxing)
 .debug_str     0x00000000000ef7d0      0x8bc Middlewares/Third_Party/FreeRTOS/Source/CMSIS_RTOS/cmsis_os.o
                                       0xe202 (size before relaxing)
 .debug_str     0x00000000000f008c      0x12d Middlewares/Third_Party/FreeRTOS/Source/list.o
                                       0xa772 (size before relaxing)
 .debug_str     0x00000000000f01b9     0x1203 Middlewares/Third_Party/FreeRTOS/Source/tasks.o
                                       0xc993 (size before relaxing)
 .debug_str     0x00000000000f13bc      0x817 Middlewares/Third_Party/FreeRTOS/Source/portable/GCC/ARM_CM4F/port.o
                                       0x853f (size before relaxing)
 .debug_str     0x00000000000f1bd3      0x25a Middlewares/Third_Party/FreeRTOS/Source/portable/MemMang/heap_4.o
                                       0xaf65 (size before relaxing)

.comment        0x0000000000000000       0x7b
 .comment       0x0000000000000000       0x7b Core/Src/freertos.o
                                         0x7c (size before relaxing)
 .comment       0x000000000000007b       0x7c Core/Src/lcd.o
 .comment       0x000000000000007b       0x7c Core/Src/main.o
 .comment       0x000000000000007b       0x7c Core/Src/stm32l4xx_hal_msp.o
 .comment       0x000000000000007b       0x7c Core/Src/stm32l4xx_it.o
 .comment       0x000000000000007b       0x7c Core/Src/system_stm32l4xx.o
 .comment       0x000000000000007b       0x7c Drivers/STM32L4xx_HAL_Driver/Src/stm32l4xx_hal.o
 .comment       0x000000000000007b       0x7c Drivers/STM32L4xx_HAL_Driver/Src/stm32l4xx_hal_cortex.o
 .comment       0x000000000000007b       0x7c Drivers/STM32L4xx_HAL_Driver/Src/stm32l4xx_hal_gpio.o
 .comment       0x000000000000007b       0x7c Drivers/STM32L4xx_HAL_Driver/Src/stm32l4xx_hal_pwr_ex.o
 .comment       0x000000000000007b       0x7c Drivers/STM32L4xx_HAL_Driver/Src/stm32l4xx_hal_rcc.o
 .comment       0x000000000000007b       0x7c Drivers/STM32L4xx_HAL_Driver/Src/stm32l4xx_hal_rcc_ex.o
 .comment       0x000000000000007b       0x7c Drivers/STM32L4xx_HAL_Driver/Src/stm32l4xx_hal_uart.o
 .comment       0x000000000000007b       0x7c Middlewares/Third_Party/FreeRTOS/Source/CMSIS_RTOS/cmsis_os.o
 .comment       0x000000000000007b       0x7c Middlewares/Third_Party/FreeRTOS/Source/list.o
 .comment       0x000000000000007b       0x7c Middlewares/Third_Party/FreeRTOS/Source/tasks.o
 .comment       0x000000000000007b       0x7c Middlewares/Third_Party/FreeRTOS/Source/portable/GCC/ARM_CM4F/port.o
 .comment       0x000000000000007b       0x7c Middlewares/Third_Party/FreeRTOS/Source/portable/MemMang/heap_4.o

.debug_frame    0x0000000000000000     0x3758
 .debug_frame   0x0000000000000000       0x38 Core/Src/freertos.o
 .debug_frame   0x0000000000000038      0x180 Core/Src/lcd.o
 .debug_frame   0x00000000000001b8      0x21c Core/Src/main.o
 .debug_frame   0x00000000000003d4       0x80 Core/Src/stm32l4xx_hal_msp.o
 .debug_frame   0x0000000000000454       0xcc Core/Src/stm32l4xx_it.o
 .debug_frame   0x0000000000000520       0x58 Core/Src/system_stm32l4xx.o
 .debug_frame   0x0000000000000578      0x498 Drivers/STM32L4xx_HAL_Driver/Src/stm32l4xx_hal.o
 .debug_frame   0x0000000000000a10      0x498 Drivers/STM32L4xx_HAL_Driver/Src/stm32l4xx_hal_cortex.o
 .debug_frame   0x0000000000000ea8      0x14c Drivers/STM32L4xx_HAL_Driver/Src/stm32l4xx_hal_gpio.o
 .debug_frame   0x0000000000000ff4      0x544 Drivers/STM32L4xx_HAL_Driver/Src/stm32l4xx_hal_pwr_ex.o
 .debug_frame   0x0000000000001538      0x1f4 Drivers/STM32L4xx_HAL_Driver/Src/stm32l4xx_hal_rcc.o
 .debug_frame   0x000000000000172c      0x2fc Drivers/STM32L4xx_HAL_Driver/Src/stm32l4xx_hal_rcc_ex.o
 .debug_frame   0x0000000000001a28      0x974 Drivers/STM32L4xx_HAL_Driver/Src/stm32l4xx_hal_uart.o
 .debug_frame   0x000000000000239c      0x80c Middlewares/Third_Party/FreeRTOS/Source/CMSIS_RTOS/cmsis_os.o
 .debug_frame   0x0000000000002ba8       0xd8 Middlewares/Third_Party/FreeRTOS/Source/list.o
 .debug_frame   0x0000000000002c80      0x734 Middlewares/Third_Party/FreeRTOS/Source/tasks.o
 .debug_frame   0x00000000000033b4      0x1a8 Middlewares/Third_Party/FreeRTOS/Source/portable/GCC/ARM_CM4F/port.o
 .debug_frame   0x000000000000355c      0x108 Middlewares/Third_Party/FreeRTOS/Source/portable/MemMang/heap_4.o
 .debug_frame   0x0000000000003664       0x2c c:/st/stm32cubeide_1.4.0/stm32cubeide/plugins/com.st.stm32cube.ide.mcu.externaltools.gnu-tools-for-stm32.7-2018-q2-update.win32_1.4.0.202007081208/tools/bin/../lib/gcc/arm-none-eabi/7.3.1/../../../../arm-none-eabi/lib/thumb/v7e-m/fpv4-sp/hard\libc_nano.a(lib_a-init.o)
 .debug_frame   0x0000000000003690       0x20 c:/st/stm32cubeide_1.4.0/stm32cubeide/plugins/com.st.stm32cube.ide.mcu.externaltools.gnu-tools-for-stm32.7-2018-q2-update.win32_1.4.0.202007081208/tools/bin/../lib/gcc/arm-none-eabi/7.3.1/../../../../arm-none-eabi/lib/thumb/v7e-m/fpv4-sp/hard\libc_nano.a(lib_a-memset.o)
 .debug_frame   0x00000000000036b0       0x28 c:/st/stm32cubeide_1.4.0/stm32cubeide/plugins/com.st.stm32cube.ide.mcu.externaltools.gnu-tools-for-stm32.7-2018-q2-update.win32_1.4.0.202007081208/tools/bin/../lib/gcc/arm-none-eabi/7.3.1/../../../../arm-none-eabi/lib/thumb/v7e-m/fpv4-sp/hard\libc_nano.a(lib_a-strcat.o)
 .debug_frame   0x00000000000036d8       0x20 c:/st/stm32cubeide_1.4.0/stm32cubeide/plugins/com.st.stm32cube.ide.mcu.externaltools.gnu-tools-for-stm32.7-2018-q2-update.win32_1.4.0.202007081208/tools/bin/../lib/gcc/arm-none-eabi/7.3.1/../../../../arm-none-eabi/lib/thumb/v7e-m/fpv4-sp/hard\libc_nano.a(lib_a-strcpy.o)
 .debug_frame   0x00000000000036f8       0x2c c:/st/stm32cubeide_1.4.0/stm32cubeide/plugins/com.st.stm32cube.ide.mcu.externaltools.gnu-tools-for-stm32.7-2018-q2-update.win32_1.4.0.202007081208/tools/bin/../lib/gcc/arm-none-eabi/7.3.1/thumb/v7e-m/fpv4-sp/hard\libgcc.a(_aeabi_uldivmod.o)
 .debug_frame   0x0000000000003724       0x34 c:/st/stm32cubeide_1.4.0/stm32cubeide/plugins/com.st.stm32cube.ide.mcu.externaltools.gnu-tools-for-stm32.7-2018-q2-update.win32_1.4.0.202007081208/tools/bin/../lib/gcc/arm-none-eabi/7.3.1/thumb/v7e-m/fpv4-sp/hard\libgcc.a(_udivmoddi4.o)
